Component: Arm Compiler for Embedded 6.22 Tool: armlink [5ee90200]

==============================================================================

Section Cross References

    startup_stm32g431xx.o(STACK) refers (Special) to heapauxi.o(.text) for __use_two_region_memory
    startup_stm32g431xx.o(HEAP) refers (Special) to heapauxi.o(.text) for __use_two_region_memory
    startup_stm32g431xx.o(RESET) refers (Special) to heapauxi.o(.text) for __use_two_region_memory
    startup_stm32g431xx.o(RESET) refers to startup_stm32g431xx.o(STACK) for __initial_sp
    startup_stm32g431xx.o(RESET) refers to startup_stm32g431xx.o(.text) for Reset_Handler
    startup_stm32g431xx.o(RESET) refers to stm32g4xx_it.o(.text.NMI_Handler) for NMI_Handler
    startup_stm32g431xx.o(RESET) refers to context_rvds.o(.text) for HardFault_Handler
    startup_stm32g431xx.o(RESET) refers to stm32g4xx_it.o(.text.MemManage_Handler) for MemManage_Handler
    startup_stm32g431xx.o(RESET) refers to stm32g4xx_it.o(.text.BusFault_Handler) for BusFault_Handler
    startup_stm32g431xx.o(RESET) refers to stm32g4xx_it.o(.text.UsageFault_Handler) for UsageFault_Handler
    startup_stm32g431xx.o(RESET) refers to stm32g4xx_it.o(.text.DebugMon_Handler) for DebugMon_Handler
    startup_stm32g431xx.o(RESET) refers to board.o(.text.SysTick_Handler) for SysTick_Handler
    startup_stm32g431xx.o(RESET) refers to stm32g4xx_it.o(.text.ADC1_2_IRQHandler) for ADC1_2_IRQHandler
    startup_stm32g431xx.o(RESET) refers to stm32g4xx_it.o(.text.TIM1_BRK_TIM15_IRQHandler) for TIM1_BRK_TIM15_IRQHandler
    startup_stm32g431xx.o(RESET) refers to stm32g4xx_it.o(.text.TIM1_UP_TIM16_IRQHandler) for TIM1_UP_TIM16_IRQHandler
    startup_stm32g431xx.o(RESET) refers to stm32g4xx_it.o(.text.TIM7_IRQHandler) for TIM7_IRQHandler
    startup_stm32g431xx.o(.text) refers (Special) to heapauxi.o(.text) for __use_two_region_memory
    startup_stm32g431xx.o(.text) refers to system_stm32g4xx.o(.text.SystemInit) for SystemInit
    startup_stm32g431xx.o(.text) refers to __main.o(!!!main) for __main
    startup_stm32g431xx.o(.text) refers to startup_stm32g431xx.o(HEAP) for Heap_Mem
    startup_stm32g431xx.o(.text) refers to startup_stm32g431xx.o(STACK) for Stack_Mem
    main.o(.text.main) refers to stm32g4xx_hal.o(.text.HAL_Init) for HAL_Init
    main.o(.text.main) refers to stm32g4xx_hal_pwr_ex.o(.text.HAL_PWREx_ControlVoltageScaling) for HAL_PWREx_ControlVoltageScaling
    main.o(.text.main) refers to stm32g4xx_hal_rcc.o(.text.HAL_RCC_OscConfig) for HAL_RCC_OscConfig
    main.o(.text.main) refers to stm32g4xx_hal_rcc.o(.text.HAL_RCC_ClockConfig) for HAL_RCC_ClockConfig
    main.o(.text.main) refers to stm32g4xx_hal_gpio.o(.text.HAL_GPIO_WritePin) for HAL_GPIO_WritePin
    main.o(.text.main) refers to stm32g4xx_hal_gpio.o(.text.HAL_GPIO_Init) for HAL_GPIO_Init
    main.o(.text.main) refers to rt_memclr_w.o(.text) for __aeabi_memclr4
    main.o(.text.main) refers to main.o(.bss.hadc1) for hadc1
    main.o(.text.main) refers to stm32g4xx_hal_adc.o(.text.HAL_ADC_Init) for HAL_ADC_Init
    main.o(.text.main) refers to stm32g4xx_hal_adc_ex.o(.text.HAL_ADCEx_MultiModeConfigChannel) for HAL_ADCEx_MultiModeConfigChannel
    main.o(.text.main) refers to stm32g4xx_hal_adc_ex.o(.text.HAL_ADCEx_InjectedConfigChannel) for HAL_ADCEx_InjectedConfigChannel
    main.o(.text.main) refers to main.o(.bss..L_MergedGlobals) for .L_MergedGlobals
    main.o(.text.main) refers to stm32g4xx_hal_opamp.o(.text.HAL_OPAMP_Init) for HAL_OPAMP_Init
    main.o(.text.main) refers to stm32g4xx_hal_opamp.o(.text.HAL_OPAMP_Start) for HAL_OPAMP_Start
    main.o(.text.main) refers to main.o(.bss.hopamp3) for hopamp3
    main.o(.text.main) refers to main.o(.bss.htim1) for htim1
    main.o(.text.main) refers to stm32g4xx_hal_tim.o(.text.HAL_TIM_Base_Init) for HAL_TIM_Base_Init
    main.o(.text.main) refers to stm32g4xx_hal_tim.o(.text.HAL_TIM_ConfigClockSource) for HAL_TIM_ConfigClockSource
    main.o(.text.main) refers to stm32g4xx_hal_tim.o(.text.HAL_TIM_PWM_Init) for HAL_TIM_PWM_Init
    main.o(.text.main) refers to stm32g4xx_hal_tim_ex.o(.text.HAL_TIMEx_MasterConfigSynchronization) for HAL_TIMEx_MasterConfigSynchronization
    main.o(.text.main) refers to stm32g4xx_hal_tim.o(.text.HAL_TIM_PWM_ConfigChannel) for HAL_TIM_PWM_ConfigChannel
    main.o(.text.main) refers to stm32g4xx_hal_tim_ex.o(.text.HAL_TIMEx_ConfigBreakDeadTime) for HAL_TIMEx_ConfigBreakDeadTime
    main.o(.text.main) refers to stm32g4xx_hal_msp.o(.text.HAL_TIM_MspPostInit) for HAL_TIM_MspPostInit
    main.o(.text.main) refers to main.o(.bss.hi2c1) for hi2c1
    main.o(.text.main) refers to stm32g4xx_hal_i2c.o(.text.HAL_I2C_Init) for HAL_I2C_Init
    main.o(.text.main) refers to stm32g4xx_hal_i2c_ex.o(.text.HAL_I2CEx_ConfigAnalogFilter) for HAL_I2CEx_ConfigAnalogFilter
    main.o(.text.main) refers to stm32g4xx_hal_i2c_ex.o(.text.HAL_I2CEx_ConfigDigitalFilter) for HAL_I2CEx_ConfigDigitalFilter
[...]
    __rt_entry_li                            0x0800029b   Thumb Code     0  __rtentry2.o(.ARM.Collect$$rtentry$$0000000A)
    __rt_entry_postsh_1                      0x0800029b   Thumb Code     0  __rtentry2.o(.ARM.Collect$$rtentry$$00000009)
    __rt_entry_main                          0x0800029f   Thumb Code     0  __rtentry2.o(.ARM.Collect$$rtentry$$0000000D)
    __rt_entry_postli_1                      0x0800029f   Thumb Code     0  __rtentry2.o(.ARM.Collect$$rtentry$$0000000C)
    __rt_exit                                0x080002a7   Thumb Code     0  rtexit.o(.ARM.Collect$$rtexit$$00000000)
    __rt_exit_ls                             0x080002a9   Thumb Code     0  rtexit2.o(.ARM.Collect$$rtexit$$00000003)
    __rt_exit_prels_1                        0x080002a9   Thumb Code     0  rtexit2.o(.ARM.Collect$$rtexit$$00000002)
    __rt_exit_exit                           0x080002ad   Thumb Code     0  rtexit2.o(.ARM.Collect$$rtexit$$00000004)
    Reset_Handler                            0x080002b5   Thumb Code     8  startup_stm32g431xx.o(.text)
    SVC_Handler                              0x080002c7   Thumb Code     2  startup_stm32g431xx.o(.text)
    COMP1_2_3_IRQHandler                     0x080002cf   Thumb Code     0  startup_stm32g431xx.o(.text)
    COMP4_IRQHandler                         0x080002cf   Thumb Code     0  startup_stm32g431xx.o(.text)
    CORDIC_IRQHandler                        0x080002cf   Thumb Code     0  startup_stm32g431xx.o(.text)
    CRS_IRQHandler                           0x080002cf   Thumb Code     0  startup_stm32g431xx.o(.text)
    DMA1_Channel1_IRQHandler                 0x080002cf   Thumb Code     0  startup_stm32g431xx.o(.text)
    DMA1_Channel2_IRQHandler                 0x080002cf   Thumb Code     0  startup_stm32g431xx.o(.text)
    DMA1_Channel3_IRQHandler                 0x080002cf   Thumb Code     0  startup_stm32g431xx.o(.text)
    DMA1_Channel4_IRQHandler                 0x080002cf   Thumb Code     0  startup_stm32g431xx.o(.text)
    DMA1_Channel5_IRQHandler                 0x080002cf   Thumb Code     0  startup_stm32g431xx.o(.text)
    DMA1_Channel6_IRQHandler                 0x080002cf   Thumb Code     0  startup_stm32g431xx.o(.text)
    DMA2_Channel1_IRQHandler                 0x080002cf   Thumb Code     0  startup_stm32g431xx.o(.text)
    DMA2_Channel2_IRQHandler                 0x080002cf   Thumb Code     0  startup_stm32g431xx.o(.text)
    DMA2_Channel3_IRQHandler                 0x080002cf   Thumb Code     0  startup_stm32g431xx.o(.text)
    DMA2_Channel4_IRQHandler                 0x080002cf   Thumb Code     0  startup_stm32g431xx.o(.text)
    DMA2_Channel5_IRQHandler                 0x080002cf   Thumb Code     0  startup_stm32g431xx.o(.text)
    DMA2_Channel6_IRQHandler                 0x080002cf   Thumb Code     0  startup_stm32g431xx.o(.text)
    DMAMUX_OVR_IRQHandler                    0x080002cf   Thumb Code     0  startup_stm32g431xx.o(.text)
    EXTI0_IRQHandler                         0x080002cf   Thumb Code     0  startup_stm32g431xx.o(.text)
    EXTI15_10_IRQHandler                     0x080002cf   Thumb Code     0  startup_stm32g431xx.o(.text)
    EXTI1_IRQHandler                         0x080002cf   Thumb Code     0  startup_stm32g431xx.o(.text)
    EXTI2_IRQHandler                         0x080002cf   Thumb Code     0  startup_stm32g431xx.o(.text)
    EXTI3_IRQHandler                         0x080002cf   Thumb Code     0  startup_stm32g431xx.o(.text)
    EXTI4_IRQHandler                         0x080002cf   Thumb Code     0  startup_stm32g431xx.o(.text)
    EXTI9_5_IRQHandler                       0x080002cf   Thumb Code     0  startup_stm32g431xx.o(.text)
    FDCAN1_IT0_IRQHandler                    0x080002cf   Thumb Code     0  startup_stm32g431xx.o(.text)
    FDCAN1_IT1_IRQHandler                    0x080002cf   Thumb Code     0  startup_stm32g431xx.o(.text)
    FLASH_IRQHandler                         0x080002cf   Thumb Code     0  startup_stm32g431xx.o(.text)
    FMAC_IRQHandler                          0x080002cf   Thumb Code     0  startup_stm32g431xx.o(.text)
    FPU_IRQHandler                           0x080002cf   Thumb Code     0  startup_stm32g431xx.o(.text)
    I2C1_ER_IRQHandler                       0x080002cf   Thumb Code     0  startup_stm32g431xx.o(.text)
    I2C1_EV_IRQHandler                       0x080002cf   Thumb Code     0  startup_stm32g431xx.o(.text)
    I2C2_ER_IRQHandler                       0x080002cf   Thumb Code     0  startup_stm32g431xx.o(.text)
    I2C2_EV_IRQHandler                       0x080002cf   Thumb Code     0  startup_stm32g431xx.o(.text)
    I2C3_ER_IRQHandler                       0x080002cf   Thumb Code     0  startup_stm32g431xx.o(.text)
    I2C3_EV_IRQHandler                       0x080002cf   Thumb Code     0  startup_stm32g431xx.o(.text)
    LPTIM1_IRQHandler                        0x080002cf   Thumb Code     0  startup_stm32g431xx.o(.text)
    LPUART1_IRQHandler                       0x080002cf   Thumb Code     0  startup_stm32g431xx.o(.text)
    PVD_PVM_IRQHandler                       0x080002cf   Thumb Code     0  startup_stm32g431xx.o(.text)
    RCC_IRQHandler                           0x080002cf   Thumb Code     0  startup_stm32g431xx.o(.text)
    RNG_IRQHandler                           0x080002cf   Thumb Code     0  startup_stm32g431xx.o(.text)
    RTC_Alarm_IRQHandler                     0x080002cf   Thumb Code     0  startup_stm32g431xx.o(.text)
    RTC_TAMP_LSECSS_IRQHandler               0x080002cf   Thumb Code     0  startup_stm32g431xx.o(.text)
    RTC_WKUP_IRQHandler                      0x080002cf   Thumb Code     0  startup_stm32g431xx.o(.text)
    SAI1_IRQHandler                          0x080002cf   Thumb Code     0  startup_stm32g431xx.o(.text)
    SPI1_IRQHandler                          0x080002cf   Thumb Code     0  startup_stm32g431xx.o(.text)
    SPI2_IRQHandler                          0x080002cf   Thumb Code     0  startup_stm32g431xx.o(.text)
    SPI3_IRQHandler                          0x080002cf   Thumb Code     0  startup_stm32g431xx.o(.text)
    TIM1_CC_IRQHandler                       0x080002cf   Thumb Code     0  startup_stm32g431xx.o(.text)
    TIM1_TRG_COM_TIM17_IRQHandler            0x080002cf   Thumb Code     0  startup_stm32g431xx.o(.text)
    TIM2_IRQHandler                          0x080002cf   Thumb Code     0  startup_stm32g431xx.o(.text)
    TIM3_IRQHandler                          0x080002cf   Thumb Code     0  startup_stm32g431xx.o(.text)
    TIM4_IRQHandler                          0x080002cf   Thumb Code     0  startup_stm32g431xx.o(.text)
    TIM6_DAC_IRQHandler                      0x080002cf   Thumb Code     0  startup_stm32g431xx.o(.text)
    TIM8_BRK_IRQHandler                      0x080002cf   Thumb Code     0  startup_stm32g431xx.o(.text)
    TIM8_CC_IRQHandler                       0x080002cf   Thumb Code     0  startup_stm32g431xx.o(.text)
    TIM8_TRG_COM_IRQHandler                  0x080002cf   Thumb Code     0  startup_stm32g431xx.o(.text)
    TIM8_UP_IRQHandler                       0x080002cf   Thumb Code     0  startup_stm32g431xx.o(.text)
    UART4_IRQHandler                         0x080002cf   Thumb Code     0  startup_stm32g431xx.o(.text)
    UCPD1_IRQHandler                         0x080002cf   Thumb Code     0  startup_stm32g431xx.o(.text)
    USART1_IRQHandler                        0x080002cf   Thumb Code     0  startup_stm32g431xx.o(.text)
    USART2_IRQHandler                        0x080002cf   Thumb Code     0  startup_stm32g431xx.o(.text)
    USART3_IRQHandler                        0x080002cf   Thumb Code     0  startup_stm32g431xx.o(.text)
    USBWakeUp_IRQHandler                     0x080002cf   Thumb Code     0  startup_stm32g431xx.o(.text)
    USB_HP_IRQHandler                        0x080002cf   Thumb Code     0  startup_stm32g431xx.o(.text)
    USB_LP_IRQHandler                        0x080002cf   Thumb Code     0  startup_stm32g431xx.o(.text)
    WWDG_IRQHandler                          0x080002cf   Thumb Code     0  startup_stm32g431xx.o(.text)
    __user_initial_stackheap                 0x080002d1   Thumb Code     0  startup_stm32g431xx.o(.text)
    rt_hw_interrupt_disable                  0x080002f5   Thumb Code     8  context_rvds.o(.text)
    rt_hw_interrupt_enable                   0x080002fd   Thumb Code     6  context_rvds.o(.text)
    rt_hw_context_switch                     0x08000303   Thumb Code    32  context_rvds.o(.text)
    rt_hw_context_switch_interrupt           0x08000303   Thumb Code     0  context_rvds.o(.text)
    PendSV_Handler                           0x08000323   Thumb Code   108  context_rvds.o(.text)
    rt_hw_context_switch_to                  0x0800038f   Thumb Code    70  context_rvds.o(.text)
    rt_hw_interrupt_thread_switch            0x080003d5   Thumb Code     2  context_rvds.o(.text)
    HardFault_Handler                        0x080003d7   Thumb Code    56  context_rvds.o(.text)
    __aeabi_uldivmod                         0x08000429   Thumb Code     0  lludivv7m.o(.text)
    _ll_udiv                                 0x08000429   Thumb Code   240  lludivv7m.o(.text)
    __2sprintf                               0x08000519   Thumb Code    34  noretval__2sprintf.o(.text)
    __printf                                 0x08000541   Thumb Code   104  __printf.o(.text)
    _printf_int_dec                          0x080005a9   Thumb Code   104  _printf_dec.o(.text)
    _printf_int_hex                          0x08000621   Thumb Code    84  _printf_hex_int.o(.text)
    _printf_longlong_hex                     0x08000621   Thumb Code     0  _printf_hex_int.o(.text)
    __aeabi_memset                           0x08000679   Thumb Code    16  aeabi_memset.o(.text)
    __aeabi_memclr                           0x08000689   Thumb Code     0  rt_memclr.o(.text)
    __rt_memclr                              0x08000689   Thumb Code     0  rt_memclr.o(.text)
    _memset                                  0x0800068d   Thumb Code    64  rt_memclr.o(.text)
    __aeabi_memclr4                          0x080006cd   Thumb Code     0  rt_memclr_w.o(.text)
    __aeabi_memclr8                          0x080006cd   Thumb Code     0  rt_memclr_w.o(.text)
    __rt_memclr_w                            0x080006cd   Thumb Code     0  rt_memclr_w.o(.text)
    _memset_w                                0x080006d1   Thumb Code    74  rt_memclr_w.o(.text)
    __use_two_region_memory                  0x0800071b   Thumb Code     2  heapauxi.o(.text)
    __rt_heap_escrow$2region                 0x0800071d   Thumb Code     2  heapauxi.o(.text)
    __rt_heap_expand$2region                 0x0800071f   Thumb Code     2  heapauxi.o(.text)
    __read_errno                             0x08000721   Thumb Code    10  _rserrno.o(.text)
    __set_errno                              0x0800072b   Thumb Code    12  _rserrno.o(.text)
    _printf_int_common                       0x08000737   Thumb Code   178  _printf_intcommon.o(.text)
    _printf_char_common                      0x080007f3   Thumb Code    32  _printf_char_common.o(.text)
    _sputc                                   0x08000819   Thumb Code    10  _sputc.o(.text)
    __aeabi_errno_addr                       0x08000825   Thumb Code     8  rt_errno_addr_intlibspace.o(.text)
    __errno$intlibspace                      0x08000825   Thumb Code     0  rt_errno_addr_intlibspace.o(.text)
    __rt_errno_addr$intlibspace              0x08000825   Thumb Code     0  rt_errno_addr_intlibspace.o(.text)
    __user_libspace                          0x0800082d   Thumb Code     8  libspace.o(.text)
    __user_perproc_libspace                  0x0800082d   Thumb Code     0  libspace.o(.text)
    __user_perthread_libspace                0x0800082d   Thumb Code     0  libspace.o(.text)
    __user_setup_stackheap                   0x08000835   Thumb Code    74  sys_stackheap_outer.o(.text)
    exit                                     0x0800087f   Thumb Code    18  exit.o(.text)
    _sys_exit                                0x08000891   Thumb Code     8  sys_exit.o(.text)
    __I$use$semihosting                      0x0800089d   Thumb Code     0  use_no_semi.o(.text)
    __use_no_semihosting_swi                 0x0800089d   Thumb Code     2  use_no_semi.o(.text)
    __semihosting_library_function           0x0800089f   Thumb Code     0  indicate_semi.o(.text)
    main                                     0x080008a1   Thumb Code    84  components.o(.text.$Sub$$main)
    ADC1_2_IRQHandler                        0x080008f5   Thumb Code    30  stm32g4xx_it.o(.text.ADC1_2_IRQHandler)
    ADC_Disable                              0x08000915   Thumb Code   124  stm32g4xx_hal_adc.o(.text.ADC_Disable)
    ADC_Enable                               0x08000991   Thumb Code   246  stm32g4xx_hal_adc.o(.text.ADC_Enable)
    App_main                                 0x08000a89   Thumb Code   228  app.o(.text.App_main)
    BusFault_Handler                         0x08000b89   Thumb Code     2  stm32g4xx_it.o(.text.BusFault_Handler)
    CalculateActionTime                      0x08000b8d   Thumb Code   536  svpwm.o(.text.CalculateActionTime)
    CalculateAngle                           0x08000da9   Thumb Code   256  foc.o(.text.CalculateAngle)
    DebugMon_Handler                         0x08000ec1   Thumb Code     2  stm32g4xx_it.o(.text.DebugMon_Handler)
    Error_Handler                            0x08000ec5   Thumb Code    10  main.o(.text.Error_Handler)
    FOC_Calculate                            0x08000ed1   Thumb Code   464  foc.o(.text.FOC_Calculate)
    FOC_Control                              0x080010bd   Thumb Code     8  app.o(.text.FOC_Control)
    GainCurrentInitADC                       0x080010c5   Thumb Code    68  foc.o(.text.GainCurrentInitADC)
    HAL_ADCEx_Calibration_Start              0x08001109   Thumb Code   212  stm32g4xx_hal_adc_ex.o(.text.HAL_ADCEx_Calibration_Start)
    HAL_ADCEx_EndOfSamplingCallback          0x080011dd   Thumb Code     2  stm32g4xx_hal_adc_ex.o(.text.HAL_ADCEx_EndOfSamplingCallback)
    HAL_ADCEx_InjectedConfigChannel          0x080011e1   Thumb Code  1214  stm32g4xx_hal_adc_ex.o(.text.HAL_ADCEx_InjectedConfigChannel)
    HAL_ADCEx_InjectedConvCpltCallback       0x080016a1   Thumb Code     4  app.o(.text.HAL_ADCEx_InjectedConvCpltCallback)
    HAL_ADCEx_InjectedGetValue               0x080016a5   Thumb Code    50  stm32g4xx_hal_adc_ex.o(.text.HAL_ADCEx_InjectedGetValue)
    HAL_ADCEx_InjectedQueueOverflowCallback  0x080016d9   Thumb Code     2  stm32g4xx_hal_adc_ex.o(.text.HAL_ADCEx_InjectedQueueOverflowCallback)
    HAL_ADCEx_InjectedStart                  0x080016dd   Thumb Code   228  stm32g4xx_hal_adc_ex.o(.text.HAL_ADCEx_InjectedStart)
    HAL_ADCEx_LevelOutOfWindow2Callback      0x080017c1   Thumb Code     2  stm32g4xx_hal_adc_ex.o(.text.HAL_ADCEx_LevelOutOfWindow2Callback)
    HAL_ADCEx_LevelOutOfWindow3Callback      0x080017c5   Thumb Code     2  stm32g4xx_hal_adc_ex.o(.text.HAL_ADCEx_LevelOutOfWindow3Callback)
    HAL_ADCEx_MultiModeConfigChannel         0x080017c9   Thumb Code   184  stm32g4xx_hal_adc_ex.o(.text.HAL_ADCEx_MultiModeConfigChannel)
    HAL_ADC_ConvCpltCallback                 0x08001881   Thumb Code     2  stm32g4xx_hal_adc.o(.text.HAL_ADC_ConvCpltCallback)
    HAL_ADC_ErrorCallback                    0x08001885   Thumb Code     2  stm32g4xx_hal_adc.o(.text.HAL_ADC_ErrorCallback)
    HAL_ADC_IRQHandler                       0x08001889   Thumb Code   634  stm32g4xx_hal_adc.o(.text.HAL_ADC_IRQHandler)
    HAL_ADC_Init                             0x08001b05   Thumb Code   550  stm32g4xx_hal_adc.o(.text.HAL_ADC_Init)
    HAL_ADC_LevelOutOfWindowCallback         0x08001d2d   Thumb Code     2  stm32g4xx_hal_adc.o(.text.HAL_ADC_LevelOutOfWindowCallback)
    HAL_ADC_MspInit                          0x08001d31   Thumb Code   320  stm32g4xx_hal_msp.o(.text.HAL_ADC_MspInit)
    HAL_GPIO_Init                            0x08001e71   Thumb Code   434  stm32g4xx_hal_gpio.o(.text.HAL_GPIO_Init)
    HAL_GPIO_WritePin                        0x08002025   Thumb Code    12  stm32g4xx_hal_gpio.o(.text.HAL_GPIO_WritePin)
    HAL_GetTick                              0x08002031   Thumb Code    12  stm32g4xx_hal.o(.text.HAL_GetTick)
    HAL_I2CEx_ConfigAnalogFilter             0x0800203d   Thumb Code    74  stm32g4xx_hal_i2c_ex.o(.text.HAL_I2CEx_ConfigAnalogFilter)
    HAL_I2CEx_ConfigDigitalFilter            0x08002089   Thumb Code    72  stm32g4xx_hal_i2c_ex.o(.text.HAL_I2CEx_ConfigDigitalFilter)
    HAL_I2CEx_EnableFastModePlus             0x080020d1   Thumb Code    44  stm32g4xx_hal_i2c_ex.o(.text.HAL_I2CEx_EnableFastModePlus)
    HAL_I2C_Init                             0x080020fd   Thumb Code   176  stm32g4xx_hal_i2c.o(.text.HAL_I2C_Init)
    HAL_I2C_Master_Receive                   0x080021ad   Thumb Code   426  stm32g4xx_hal_i2c.o(.text.HAL_I2C_Master_Receive)
    HAL_I2C_Master_Transmit                  0x08002359   Thumb Code   470  stm32g4xx_hal_i2c.o(.text.HAL_I2C_Master_Transmit)
    HAL_I2C_MspInit                          0x08002531   Thumb Code   220  stm32g4xx_hal_msp.o(.text.HAL_I2C_MspInit)
    HAL_IncTick                              0x0800260d   Thumb Code    26  stm32g4xx_hal.o(.text.HAL_IncTick)
    HAL_Init                                 0x08002629   Thumb Code    30  stm32g4xx_hal.o(.text.HAL_Init)
    HAL_InitTick                             0x08002649   Thumb Code   166  stm32g4xx_hal_timebase_tim.o(.text.HAL_InitTick)
    HAL_MspInit                              0x080026f1   Thumb Code    52  stm32g4xx_hal_msp.o(.text.HAL_MspInit)
    HAL_MultiProcessor_Init                  0x08002725   Thumb Code   132  stm32g4xx_hal_uart.o(.text.HAL_MultiProcessor_Init)
    HAL_NVIC_EnableIRQ                       0x080027a9   Thumb Code    34  stm32g4xx_hal_cortex.o(.text.HAL_NVIC_EnableIRQ)
    HAL_NVIC_SetPriority                     0x080027cd   Thumb Code    86  stm32g4xx_hal_cortex.o(.text.HAL_NVIC_SetPriority)
    HAL_NVIC_SetPriorityGrouping             0x08002825   Thumb Code    32  stm32g4xx_hal_cortex.o(.text.HAL_NVIC_SetPriorityGrouping)
    HAL_OPAMP_Init                           0x08002845   Thumb Code   280  stm32g4xx_hal_opamp.o(.text.HAL_OPAMP_Init)
    HAL_OPAMP_MspInit                        0x0800295d   Thumb Code   180  stm32g4xx_hal_msp.o(.text.HAL_OPAMP_MspInit)
    HAL_OPAMP_Start                          0x08002a11   Thumb Code    44  stm32g4xx_hal_opamp.o(.text.HAL_OPAMP_Start)
    HAL_PWREx_ControlVoltageScaling          0x08002a3d   Thumb Code   270  stm32g4xx_hal_pwr_ex.o(.text.HAL_PWREx_ControlVoltageScaling)
    HAL_PWREx_DisableUCPDDeadBattery         0x08002b4d   Thumb Code    18  stm32g4xx_hal_pwr_ex.o(.text.HAL_PWREx_DisableUCPDDeadBattery)
    HAL_RCCEx_PeriphCLKConfig                0x08002b61   Thumb Code   618  stm32g4xx_hal_rcc_ex.o(.text.HAL_RCCEx_PeriphCLKConfig)
    HAL_RCC_ClockConfig                      0x08002dcd   Thumb Code   772  stm32g4xx_hal_rcc.o(.text.HAL_RCC_ClockConfig)
    HAL_RCC_GetClockConfig                   0x080030d1   Thumb Code    66  stm32g4xx_hal_rcc.o(.text.HAL_RCC_GetClockConfig)
    HAL_RCC_GetPCLK1Freq                     0x08003115   Thumb Code    42  stm32g4xx_hal_rcc.o(.text.HAL_RCC_GetPCLK1Freq)
    HAL_RCC_GetPCLK2Freq                     0x08003141   Thumb Code    42  stm32g4xx_hal_rcc.o(.text.HAL_RCC_GetPCLK2Freq)
    HAL_RCC_GetSysClockFreq                  0x0800316d   Thumb Code   130  stm32g4xx_hal_rcc.o(.text.HAL_RCC_GetSysClockFreq)
    HAL_RCC_OscConfig                        0x080031f1   Thumb Code  1230  stm32g4xx_hal_rcc.o(.text.HAL_RCC_OscConfig)
    HAL_SPI_Init                             0x080036c1   Thumb Code   228  stm32g4xx_hal_spi.o(.text.HAL_SPI_Init)
    HAL_SPI_MspInit                          0x080037a5   Thumb Code   114  stm32g4xx_hal_msp.o(.text.HAL_SPI_MspInit)
    HAL_TIMEx_Break2Callback                 0x08003819   Thumb Code     2  stm32g4xx_hal_tim_ex.o(.text.HAL_TIMEx_Break2Callback)
    HAL_TIMEx_BreakCallback                  0x0800381d   Thumb Code     2  stm32g4xx_hal_tim_ex.o(.text.HAL_TIMEx_BreakCallback)
    HAL_TIMEx_CommutCallback                 0x08003821   Thumb Code     2  stm32g4xx_hal_tim_ex.o(.text.HAL_TIMEx_CommutCallback)
    HAL_TIMEx_ConfigBreakDeadTime            0x08003825   Thumb Code   200  stm32g4xx_hal_tim_ex.o(.text.HAL_TIMEx_ConfigBreakDeadTime)
    HAL_TIMEx_DirectionChangeCallback        0x080038ed   Thumb Code     2  stm32g4xx_hal_tim_ex.o(.text.HAL_TIMEx_DirectionChangeCallback)
    HAL_TIMEx_EncoderIndexCallback           0x080038f1   Thumb Code     2  stm32g4xx_hal_tim_ex.o(.text.HAL_TIMEx_EncoderIndexCallback)
    HAL_TIMEx_IndexErrorCallback             0x080038f5   Thumb Code     2  stm32g4xx_hal_tim_ex.o(.text.HAL_TIMEx_IndexErrorCallback)
    HAL_TIMEx_MasterConfigSynchronization    0x080038f9   Thumb Code   166  stm32g4xx_hal_tim_ex.o(.text.HAL_TIMEx_MasterConfigSynchronization)
    HAL_TIMEx_PWMN_Start                     0x080039a1   Thumb Code   230  stm32g4xx_hal_tim_ex.o(.text.HAL_TIMEx_PWMN_Start)
    HAL_TIMEx_TransitionErrorCallback        0x08003a89   Thumb Code     2  stm32g4xx_hal_tim_ex.o(.text.HAL_TIMEx_TransitionErrorCallback)
    HAL_TIM_Base_Init                        0x08003a8d   Thumb Code    98  stm32g4xx_hal_tim.o(.text.HAL_TIM_Base_Init)
    HAL_TIM_Base_MspInit                     0x08003af1   Thumb Code   140  stm32g4xx_hal_msp.o(.text.HAL_TIM_Base_MspInit)
    HAL_TIM_Base_Start_IT                    0x08003b7d   Thumb Code   146  stm32g4xx_hal_tim.o(.text.HAL_TIM_Base_Start_IT)
    HAL_TIM_ConfigClockSource                0x08003c11   Thumb Code   516  stm32g4xx_hal_tim.o(.text.HAL_TIM_ConfigClockSource)
    HAL_TIM_IC_CaptureCallback               0x08003e15   Thumb Code     2  stm32g4xx_hal_tim.o(.text.HAL_TIM_IC_CaptureCallback)
    HAL_TIM_IRQHandler                       0x08003e19   Thumb Code   460  stm32g4xx_hal_tim.o(.text.HAL_TIM_IRQHandler)
    HAL_TIM_MspPostInit                      0x08003fe5   Thumb Code   228  stm32g4xx_hal_msp.o(.text.HAL_TIM_MspPostInit)
    HAL_TIM_OC_DelayElapsedCallback          0x080040c9   Thumb Code     2  stm32g4xx_hal_tim.o(.text.HAL_TIM_OC_DelayElapsedCallback)
    HAL_TIM_PWM_ConfigChannel                0x080040cd   Thumb Code   968  stm32g4xx_hal_tim.o(.text.HAL_TIM_PWM_ConfigChannel)
    HAL_TIM_PWM_Init                         0x08004495   Thumb Code    98  stm32g4xx_hal_tim.o(.text.HAL_TIM_PWM_Init)
    HAL_TIM_PWM_MspInit                      0x080044f9   Thumb Code     2  stm32g4xx_hal_tim.o(.text.HAL_TIM_PWM_MspInit)
    HAL_TIM_PWM_PulseFinishedCallback        0x080044fd   Thumb Code     2  stm32g4xx_hal_tim.o(.text.HAL_TIM_PWM_PulseFinishedCallback)
    HAL_TIM_PWM_Start                        0x08004501   Thumb Code   362  stm32g4xx_hal_tim.o(.text.HAL_TIM_PWM_Start)
    HAL_TIM_PeriodElapsedCallback            0x0800466d   Thumb Code    58  main.o(.text.HAL_TIM_PeriodElapsedCallback)
    HAL_TIM_TriggerCallback                  0x080046a9   Thumb Code     2  stm32g4xx_hal_tim.o(.text.HAL_TIM_TriggerCallback)
    HAL_UARTEx_DisableFifoMode               0x080046ad   Thumb Code    54  stm32g4xx_hal_uart_ex.o(.text.HAL_UARTEx_DisableFifoMode)
    HAL_UARTEx_SetRxFifoThreshold            0x080046e5   Thumb Code   140  stm32g4xx_hal_uart_ex.o(.text.HAL_UARTEx_SetRxFifoThreshold)
    HAL_UARTEx_SetTxFifoThreshold            0x08004771   Thumb Code   140  stm32g4xx_hal_uart_ex.o(.text.HAL_UARTEx_SetTxFifoThreshold)
    HAL_UART_MspInit                         0x080047fd   Thumb Code   148  stm32g4xx_hal_msp.o(.text.HAL_UART_MspInit)
    HAL_UART_Transmit                        0x08004891   Thumb Code   430  stm32g4xx_hal_uart.o(.text.HAL_UART_Transmit)
    MemManage_Handler                        0x08004e6d   Thumb Code     2  stm32g4xx_it.o(.text.MemManage_Handler)
    NMI_Handler                              0x08004e71   Thumb Code     2  stm32g4xx_it.o(.text.NMI_Handler)
    SVPWMstructInit                          0x08004e75   Thumb Code    26  svpwm.o(.text.SVPWMstructInit)
    Set_SVPWM                                0x08004e91   Thumb Code   464  svpwm.o(.text.Set_SVPWM)
    SysTick_Handler                          0x08005075   Thumb Code    18  board.o(.text.SysTick_Handler)
    SystemCoreClockUpdate                    0x08005089   Thumb Code   156  system_stm32g4xx.o(.text.SystemCoreClockUpdate)
    SystemInit                               0x08005125   Thumb Code    18  system_stm32g4xx.o(.text.SystemInit)
    TIM1_BRK_TIM15_IRQHandler                0x08005139   Thumb Code    12  stm32g4xx_it.o(.text.TIM1_BRK_TIM15_IRQHandler)
    TIM1_UP_TIM16_IRQHandler                 0x08005145   Thumb Code    30  stm32g4xx_it.o(.text.TIM1_UP_TIM16_IRQHandler)
    TIM7_IRQHandler                          0x08005165   Thumb Code    12  stm32g4xx_it.o(.text.TIM7_IRQHandler)
    TIM_Base_SetConfig                       0x08005171   Thumb Code   308  stm32g4xx_hal_tim.o(.text.TIM_Base_SetConfig)
    Timer_callFunction                       0x080052a5   Thumb Code     2  app.o(.text.Timer_callFunction)
    UART_AdvFeatureConfig                    0x080052a9   Thumb Code   230  stm32g4xx_hal_uart.o(.text.UART_AdvFeatureConfig)
    UART_CheckIdleState                      0x08005391   Thumb Code   362  stm32g4xx_hal_uart.o(.text.UART_CheckIdleState)
    UART_SetConfig                           0x080054fd   Thumb Code   648  stm32g4xx_hal_uart.o(.text.UART_SetConfig)
    UART_WaitOnFlagUntilTimeout              0x08005795   Thumb Code   822  stm32g4xx_hal_uart.o(.text.UART_WaitOnFlagUntilTimeout)
    UsageFault_Handler                       0x08005acd   Thumb Code     2  stm32g4xx_it.o(.text.UsageFault_Handler)
    __rt_ffs                                 0x08005ad1   Thumb Code    56  kservice.o(.text.__rt_ffs)
    getRawAngle                              0x08005b09   Thumb Code   116  as5600.o(.text.getRawAngle)
    $Super$$main                             0x08005b7d   Thumb Code  1596  main.o(.text.main)
    main_thread_entry                        0x080061b9   Thumb Code    50  components.o(.text.main_thread_entry)
    rt_components_board_init                 0x08006771   Thumb Code    42  components.o(.text.rt_components_board_init)
    rt_enter_critical                        0x0800679d   Thumb Code    28  scheduler.o(.text.rt_enter_critical)
    rt_exit_critical                         0x080067b9   Thumb Code   146  scheduler.o(.text.rt_exit_critical)
    rt_free                                  0x0800684d   Thumb Code   212  mem.o(.text.rt_free)
    rt_heap_begin_get                        0x0800696d   Thumb Code    10  board.o(.text.rt_heap_begin_get)
    rt_heap_end_get                          0x08006979   Thumb Code    14  board.o(.text.rt_heap_end_get)
    rt_hw_board_init                         0x08006989   Thumb Code    98  board.o(.text.rt_hw_board_init)
    rt_hw_console_output                     0x080069ed   Thumb Code     2  kservice.o(.text.rt_hw_console_output)
    rt_hw_hard_fault_exception               0x080069f1   Thumb Code   260  cpuport.o(.text.rt_hw_hard_fault_exception)
    rt_hw_stack_init                         0x08006b95   Thumb Code    66  cpuport.o(.text.rt_hw_stack_init)
    rt_interrupt_enter                       0x08006bd9   Thumb Code    28  irq.o(.text.rt_interrupt_enter)
    rt_interrupt_leave                       0x08006bf5   Thumb Code    28  irq.o(.text.rt_interrupt_leave)
    rt_kprintf                               0x08006c11   Thumb Code    50  kservice.o(.text.rt_kprintf)
    rt_malloc                                0x08006c45   Thumb Code   394  mem.o(.text.rt_malloc)
    rt_memset                                0x08006dd1   Thumb Code   272  kservice.o(.text.rt_memset)
    rt_mq_create                             0x08006ee1   Thumb Code   340  ipc.o(.text.rt_mq_create)
    rt_object_allocate                       0x08007035   Thumb Code   122  object.o(.text.rt_object_allocate)
    rt_object_delete                         0x080070b1   Thumb Code    42  object.o(.text.rt_object_delete)
    rt_object_detach                         0x080070dd   Thumb Code    34  object.o(.text.rt_object_detach)
    rt_object_init                           0x08007101   Thumb Code   138  object.o(.text.rt_object_init)
    rt_object_is_systemobject                0x0800718d   Thumb Code     6  object.o(.text.rt_object_is_systemobject)
    rt_schedule                              0x08007195   Thumb Code   118  scheduler.o(.text.rt_schedule)
    rt_schedule_insert_thread                0x0800720d   Thumb Code    82  scheduler.o(.text.rt_schedule_insert_thread)
    rt_schedule_remove_thread                0x08007261   Thumb Code    82  scheduler.o(.text.rt_schedule_remove_thread)
    rt_sem_init                              0x080072b5   Thumb Code    32  ipc.o(.text.rt_sem_init)
    rt_sem_release                           0x080072d5   Thumb Code    58  ipc.o(.text.rt_sem_release)
    rt_sem_take                              0x08007311   Thumb Code   274  ipc.o(.text.rt_sem_take)
    rt_show_version                          0x08007425   Thumb Code    48  kservice.o(.text.rt_show_version)
    rt_strlen                                0x080074dd   Thumb Code    46  kservice.o(.text.rt_strlen)
    rt_strncpy                               0x0800750d   Thumb Code   150  kservice.o(.text.rt_strncpy)
    rt_system_heap_init                      0x080075a5   Thumb Code   124  mem.o(.text.rt_system_heap_init)
    rt_system_scheduler_init                 0x08007665   Thumb Code   298  scheduler.o(.text.rt_system_scheduler_init)
    rt_system_scheduler_start                0x08007791   Thumb Code    48  scheduler.o(.text.rt_system_scheduler_start)
    rt_system_timer_init                     0x080077c1   Thumb Code    16  timer.o(.text.rt_system_timer_init)
    rt_system_timer_thread_init              0x080077d1   Thumb Code     2  timer.o(.text.rt_system_timer_thread_init)
    rt_thread_create                         0x080077d5   Thumb Code   176  thread.o(.text.rt_thread_create)
    rt_thread_delay                          0x08007885   Thumb Code    10  thread.o(.text.rt_thread_delay)
    rt_thread_exit                           0x08007891   Thumb Code   108  thread.o(.text.rt_thread_exit)
    rt_thread_idle_init                      0x08007969   Thumb Code    72  idle.o(.text.rt_thread_idle_init)
    rt_thread_init                           0x080079b9   Thumb Code   142  thread.o(.text.rt_thread_init)
    rt_thread_resume                         0x08007a49   Thumb Code    68  thread.o(.text.rt_thread_resume)
    rt_thread_self                           0x08007a8d   Thumb Code    12  thread.o(.text.rt_thread_self)
    rt_thread_sleep                          0x08007a99   Thumb Code   120  thread.o(.text.rt_thread_sleep)
    rt_thread_startup                        0x08007b11   Thumb Code    90  thread.o(.text.rt_thread_startup)
    rt_thread_suspend                        0x08007b6d   Thumb Code    66  thread.o(.text.rt_thread_suspend)
    rt_thread_timeout                        0x08007bb1   Thumb Code    38  thread.o(.text.rt_thread_timeout)
    rt_thread_yield                          0x08007bd9   Thumb Code   104  thread.o(.text.rt_thread_yield)
    rt_tick_get                              0x08007c41   Thumb Code    12  clock.o(.text.rt_tick_get)
    rt_tick_increase                         0x08007c4d   Thumb Code    52  clock.o(.text.rt_tick_increase)
    rt_timer_check                           0x08007c81   Thumb Code   126  timer.o(.text.rt_timer_check)
    rt_timer_control                         0x08007d01   Thumb Code    48  timer.o(.text.rt_timer_control)
    rt_timer_create                          0x08007d31   Thumb Code    50  timer.o(.text.rt_timer_create)
    rt_timer_detach                          0x08007d65   Thumb Code    38  timer.o(.text.rt_timer_detach)
    rt_timer_init                            0x08007d8d   Thumb Code    50  timer.o(.text.rt_timer_init)
    rt_timer_start                           0x08007dc1   Thumb Code   214  timer.o(.text.rt_timer_start)
    rt_timer_stop                            0x08007e99   Thumb Code    54  timer.o(.text.rt_timer_stop)
    rt_vsnprintf                             0x08007ed1   Thumb Code  2072  kservice.o(.text.rt_vsnprintf)
    uart_print                               0x08008701   Thumb Code   136  app.o(.text.uart_print)
    __ARM_fpclassifyf                        0x0800879d   Thumb Code    38  fpclassifyf.o(i.__ARM_fpclassifyf)
    __hardfp_cosf                            0x080087c5   Thumb Code   280  cosf.o(i.__hardfp_cosf)
    __hardfp_sinf                            0x08008915   Thumb Code   344  sinf.o(i.__hardfp_sinf)
    __mathlib_flt_infnan                     0x08008aa5   Thumb Code     6  funder.o(i.__mathlib_flt_infnan)
    __mathlib_flt_invalid                    0x08008aad   Thumb Code    10  funder.o(i.__mathlib_flt_invalid)
    __mathlib_flt_underflow                  0x08008abd   Thumb Code    10  funder.o(i.__mathlib_flt_underflow)
    __mathlib_rredf2                         0x08008acd   Thumb Code   316  rredf.o(i.__mathlib_rredf2)
    __aeabi_d2f                              0x08008c21   Thumb Code     0  d2f.o(x$fpl$d2f)
    _d2f                                     0x08008c21   Thumb Code    98  d2f.o(x$fpl$d2f)
    __aeabi_dadd                             0x08008c85   Thumb Code     0  daddsub_clz.o(x$fpl$dadd)
    _dadd                                    0x08008c85   Thumb Code   332  daddsub_clz.o(x$fpl$dadd)
    __fpl_dcmp_Inf                           0x08008dd5   Thumb Code    24  dcmpi.o(x$fpl$dcmpinf)
    __aeabi_ddiv                             0x08008ded   Thumb Code     0  ddiv.o(x$fpl$ddiv)
    _ddiv                                    0x08008ded   Thumb Code   560  ddiv.o(x$fpl$ddiv)
    __aeabi_cdcmpeq                          0x080090a5   Thumb Code     0  deqf.o(x$fpl$deqf)
    _dcmpeq                                  0x080090a5   Thumb Code   120  deqf.o(x$fpl$deqf)
    __aeabi_d2iz                             0x0800911d   Thumb Code     0  dfix.o(x$fpl$dfix)
    _dfix                                    0x0800911d   Thumb Code    94  dfix.o(x$fpl$dfix)
    __aeabi_cdcmpge                          0x0800917d   Thumb Code     0  dgeqf.o(x$fpl$dgeqf)
    _dcmpge                                  0x0800917d   Thumb Code   120  dgeqf.o(x$fpl$dgeqf)
    __aeabi_cdcmple                          0x080091f5   Thumb Code     0  dleqf.o(x$fpl$dleqf)
    _dcmple                                  0x080091f5   Thumb Code   120  dleqf.o(x$fpl$dleqf)
    __fpl_dcmple_InfNaN                      0x08009257   Thumb Code     0  dleqf.o(x$fpl$dleqf)
    __aeabi_dmul                             0x0800926d   Thumb Code     0  dmul.o(x$fpl$dmul)
    _dmul                                    0x0800926d   Thumb Code   332  dmul.o(x$fpl$dmul)
    __fpl_dnaninf                            0x080093c1   Thumb Code   156  dnaninf.o(x$fpl$dnaninf)
    __fpl_dretinf                            0x0800945d   Thumb Code    12  dretinf.o(x$fpl$dretinf)
    __aeabi_dsub                             0x08009469   Thumb Code     0  daddsub_clz.o(x$fpl$dsub)
    _dsub                                    0x08009469   Thumb Code   472  daddsub_clz.o(x$fpl$dsub)
    __aeabi_f2d                              0x08009645   Thumb Code     0  f2d.o(x$fpl$f2d)
    _f2d                                     0x08009645   Thumb Code    86  f2d.o(x$fpl$f2d)
    __aeabi_dcmpeq                           0x0800969b   Thumb Code     0  dcmp.o(x$fpl$fcmp)
    _deq                                     0x0800969b   Thumb Code    14  dcmp.o(x$fpl$fcmp)
    _dneq                                    0x080096a9   Thumb Code    14  dcmp.o(x$fpl$fcmp)
    __aeabi_dcmpgt                           0x080096b7   Thumb Code     0  dcmp.o(x$fpl$fcmp)
    _dgr                                     0x080096b7   Thumb Code    14  dcmp.o(x$fpl$fcmp)
    __aeabi_dcmpge                           0x080096c5   Thumb Code     0  dcmp.o(x$fpl$fcmp)
    _dgeq                                    0x080096c5   Thumb Code    14  dcmp.o(x$fpl$fcmp)
    __aeabi_dcmple                           0x080096d3   Thumb Code     0  dcmp.o(x$fpl$fcmp)
    _dleq                                    0x080096d3   Thumb Code    14  dcmp.o(x$fpl$fcmp)
    __aeabi_dcmplt                           0x080096e1   Thumb Code     0  dcmp.o(x$fpl$fcmp)
    _dls                                     0x080096e1   Thumb Code    14  dcmp.o(x$fpl$fcmp)
    __fpl_fnaninf                            0x080096ef   Thumb Code   140  fnaninf.o(x$fpl$fnaninf)
    _fp_init                                 0x0800977b   Thumb Code    26  fpinit.o(x$fpl$fpinit)
    __fplib_config_fpu_vfp                   0x08009793   Thumb Code     0  fpinit.o(x$fpl$fpinit)
    __fplib_config_pureend_doubles           0x08009793   Thumb Code     0  fpinit.o(x$fpl$fpinit)
    __fpl_fretinf                            0x08009795   Thumb Code    10  fretinf.o(x$fpl$fretinf)
    __I$use$fp                               0x0800979e   Number         0  usenofp.o(x$fpl$usenofp)
    AHBPrescTable                            0x080097e8   Data          16  system_stm32g4xx.o(.rodata.AHBPrescTable)
    APBPrescTable                            0x080097f8   Data           8  system_stm32g4xx.o(.rodata.APBPrescTable)
    UARTPrescTable                           0x08009800   Data          24  stm32g4xx_hal_uart.o(.rodata.UARTPrescTable)
    __lowest_bit_bitmap                      0x08009818   Data         256  kservice.o(.rodata.__lowest_bit_bitmap)
    __rt_init_rti_start                      0x080099d0   Data           4  components.o(.rti_fn.0)
    __rt_init_rti_board_start                0x080099d4   Data           4  components.o(.rti_fn.0.end)
    __rt_init_rti_board_end                  0x080099d8   Data           4  components.o(.rti_fn.1.end)
    __rt_init_rti_end                        0x080099dc   Data           4  components.o(.rti_fn.6.end)
    Region$$Table$$Base                      0x080099e0   Number         0  anon$$obj.o(Region$$Table)
    Region$$Table$$Limit                     0x08009a00   Number         0  anon$$obj.o(Region$$Table)
    uwTickPrio                               0x20000000   Data           4  stm32g4xx_hal.o(.data..L_MergedGlobals)
    uwTickFreq                               0x20000004   Data           4  stm32g4xx_hal.o(.data..L_MergedGlobals)
    SystemCoreClock                          0x20000008   Data           4  system_stm32g4xx.o(.data.SystemCoreClock)
    __libspace_start                         0x20000050   Data          96  libspace.o(.bss)
    __temporary_stack_top$libspace           0x200000b0   Data           0  libspace.o(.bss)
    hopamp1                                  0x200000b0   Data          60  main.o(.bss..L_MergedGlobals)
    hopamp2                                  0x200000ec   Data          60  main.o(.bss..L_MergedGlobals)
    FOC_Control_t                            0x20000128   Data           4  app.o(.bss..L_MergedGlobals)
    UART_Printf_t                            0x2000012c   Data           4  app.o(.bss..L_MergedGlobals)
    Timer_t                                  0x20000130   Data           4  app.o(.bss..L_MergedGlobals)
    thread_mq_t                              0x20000134   Data           4  app.o(.bss..L_MergedGlobals)
    Clarkstructure                           0x20000138   Data          20  foc.o(.bss..L_MergedGlobals)
    Parkstructure                            0x2000014c   Data          48  foc.o(.bss..L_MergedGlobals)
    rt_current_priority                      0x200001b4   Data           1  scheduler.o(.bss..L_MergedGlobals)
    rt_current_thread                        0x200001b8   Data           4  scheduler.o(.bss..L_MergedGlobals)
    rt_thread_ready_priority_group           0x200001bc   Data           4  scheduler.o(.bss..L_MergedGlobals)
    rt_thread_defunct                        0x200001c0   Data           8  scheduler.o(.bss..L_MergedGlobals)
    SVPWMStructure                           0x200001d8   Data          40  svpwm.o(.bss.SVPWMStructure)
    hadc1                                    0x20000200   Data         108  main.o(.bss.hadc1)
    hadc2                                    0x2000026c   Data         108  main.o(.bss.hadc2)
    hi2c1                                    0x200002d8   Data          84  main.o(.bss.hi2c1)
    hopamp3                                  0x2000032c   Data          60  main.o(.bss.hopamp3)
    hspi1                                    0x20000368   Data         100  main.o(.bss.hspi1)
    htim1                                    0x200003cc   Data          76  main.o(.bss.htim1)
    htim16                                   0x20000418   Data          76  stm32g4xx_hal_timebase_tim.o(.bss.htim16)
    htim7                                    0x20000464   Data          76  main.o(.bss.htim7)
    huart1                                   0x200004b0   Data         148  main.o(.bss.huart1)
    rt_interrupt_from_thread                 0x200015c0   Data           4  cpuport.o(.bss.rt_interrupt_from_thread)
    rt_interrupt_nest                        0x200015c4   Data           1  irq.o(.bss.rt_interrupt_nest)
    rt_interrupt_to_thread                   0x200015c8   Data           4  cpuport.o(.bss.rt_interrupt_to_thread)
    rt_thread_priority_table                 0x2000164c   Data         256  scheduler.o(.bss.rt_thread_priority_table)
    rt_thread_switch_interrupt_flag          0x2000184c   Data           4  cpuport.o(.bss.rt_thread_switch_interrupt_flag)
    uwTick                                   0x20001854   Data           4  stm32g4xx_hal.o(.bss.uwTick)



==============================================================================

Memory Map of the image

  Image Entry point : 0x080001d9

  Load Region LR_IROM1 (Base: 0x08000000, Size: 0x00009a50, Max: 0x00020000, ABSOLUTE)

    Execution Region ER_IROM1 (Exec base: 0x08000000, Load base: 0x08000000, Size: 0x00009a00, Max: 0x00020000, ABSOLUTE)

    Exec Addr    Load Addr    Size         Type   Attr      Idx    E Section Name        Object

    0x08000000   0x08000000   0x000001d8   Data   RO            3    RESET               startup_stm32g431xx.o
    0x080001d8   0x080001d8   0x00000008   Code   RO         2196  * !!!main             c_w.l(__main.o)
    0x080001e0   0x080001e0   0x0000005c   Code   RO         2457    !!!scatter          c_w.l(__scatter.o)
    0x0800023c   0x0800023c   0x0000001a   Code   RO         2461    !!handler_copy      c_w.l(__scatter_copy.o)
    0x08000256   0x08000256   0x00000002   PAD
    0x08000258   0x08000258   0x00000002   Code   RO         2458    !!handler_null      c_w.l(__scatter.o)
    0x0800025a   0x0800025a   0x00000002   PAD
    0x0800025c   0x0800025c   0x0000001c   Code   RO         2463    !!handler_zi        c_w.l(__scatter_zi.o)
    0x08000278   0x08000278   0x00000000   Code   RO         2187    .ARM.Collect$$_printf_percent$$00000000  c_w.l(_printf_percent.o)
    0x08000278   0x08000278   0x00000006   Code   RO         2186    .ARM.Collect$$_printf_percent$$00000009  c_w.l(_printf_d.o)
    0x0800027e   0x0800027e   0x00000006   Code   RO         2185    .ARM.Collect$$_printf_percent$$0000000C  c_w.l(_printf_x.o)
    0x08000284   0x08000284   0x00000004   Code   RO         2245    .ARM.Collect$$_printf_percent$$00000017  c_w.l(_printf_percent_end.o)
    0x08000288   0x08000288   0x00000002   Code   RO         2322    .ARM.Collect$$libinit$$00000000  c_w.l(libinit.o)
    0x0800028a   0x0800028a   0x00000004   Code   RO         2331    .ARM.Collect$$libinit$$00000001  c_w.l(libinit2.o)
    0x0800028e   0x0800028e   0x00000000   Code   RO         2334    .ARM.Collect$$libinit$$00000004  c_w.l(libinit2.o)
    0x0800028e   0x0800028e   0x00000000   Code   RO         2336    .ARM.Collect$$libinit$$00000006  c_w.l(libinit2.o)
    0x0800028e   0x0800028e   0x00000000   Code   RO         2339    .ARM.Collect$$libinit$$0000000C  c_w.l(libinit2.o)
    0x0800028e   0x0800028e   0x00000000   Code   RO         2341    .ARM.Collect$$libinit$$0000000E  c_w.l(libinit2.o)
    0x0800028e   0x0800028e   0x00000000   Code   RO         2343    .ARM.Collect$$libinit$$00000010  c_w.l(libinit2.o)
    0x0800028e   0x0800028e   0x00000000   Code   RO         2346    .ARM.Collect$$libinit$$00000013  c_w.l(libinit2.o)
    0x0800028e   0x0800028e   0x00000000   Code   RO         2348    .ARM.Collect$$libinit$$00000015  c_w.l(libinit2.o)
    0x0800028e   0x0800028e   0x00000000   Code   RO         2350    .ARM.Collect$$libinit$$00000017  c_w.l(libinit2.o)
    0x0800028e   0x0800028e   0x00000000   Code   RO         2352    .ARM.Collect$$libinit$$00000019  c_w.l(libinit2.o)
    0x0800028e   0x0800028e   0x00000000   Code   RO         2354    .ARM.Collect$$libinit$$0000001B  c_w.l(libinit2.o)
    0x0800028e   0x0800028e   0x00000000   Code   RO         2356    .ARM.Collect$$libinit$$0000001D  c_w.l(libinit2.o)
    0x0800028e   0x0800028e   0x00000000   Code   RO         2358    .ARM.Collect$$libinit$$0000001F  c_w.l(libinit2.o)
    0x0800028e   0x0800028e   0x00000000   Code   RO         2360    .ARM.Collect$$libinit$$00000021  c_w.l(libinit2.o)
    0x0800028e   0x0800028e   0x00000000   Code   RO         2362    .ARM.Collect$$libinit$$00000023  c_w.l(libinit2.o)
    0x0800028e   0x0800028e   0x00000000   Code   RO         2364    .ARM.Collect$$libinit$$00000025  c_w.l(libinit2.o)
    0x0800028e   0x0800028e   0x00000000   Code   RO         2366    .ARM.Collect$$libinit$$00000027  c_w.l(libinit2.o)
    0x0800028e   0x0800028e   0x00000000   Code   RO         2370    .ARM.Collect$$libinit$$0000002E  c_w.l(libinit2.o)
    0x0800028e   0x0800028e   0x00000000   Code   RO         2372    .ARM.Collect$$libinit$$00000030  c_w.l(libinit2.o)
    0x0800028e   0x0800028e   0x00000000   Code   RO         2374    .ARM.Collect$$libinit$$00000032  c_w.l(libinit2.o)
    0x0800028e   0x0800028e   0x00000000   Code   RO         2376    .ARM.Collect$$libinit$$00000034  c_w.l(libinit2.o)
    0x0800028e   0x0800028e   0x00000002   Code   RO         2377    .ARM.Collect$$libinit$$00000035  c_w.l(libinit2.o)
    0x08000290   0x08000290   0x00000002   Code   RO         2412    .ARM.Collect$$libshutdown$$00000000  c_w.l(libshutdown.o)
    0x08000292   0x08000292   0x00000000   Code   RO         2440    .ARM.Collect$$libshutdown$$00000002  c_w.l(libshutdown2.o)
    0x08000292   0x08000292   0x00000000   Code   RO         2442    .ARM.Collect$$libshutdown$$00000004  c_w.l(libshutdown2.o)
    0x08000292   0x08000292   0x00000000   Code   RO         2445    .ARM.Collect$$libshutdown$$00000007  c_w.l(libshutdown2.o)
    0x08000292   0x08000292   0x00000000   Code   RO         2448    .ARM.Collect$$libshutdown$$0000000A  c_w.l(libshutdown2.o)
    0x08000292   0x08000292   0x00000000   Code   RO         2450    .ARM.Collect$$libshutdown$$0000000C  c_w.l(libshutdown2.o)
    0x08000292   0x08000292   0x00000000   Code   RO         2453    .ARM.Collect$$libshutdown$$0000000F  c_w.l(libshutdown2.o)
    0x08000292   0x08000292   0x00000002   Code   RO         2454    .ARM.Collect$$libshutdown$$00000010  c_w.l(libshutdown2.o)
    0x08000294   0x08000294   0x00000000   Code   RO         2232    .ARM.Collect$$rtentry$$00000000  c_w.l(__rtentry.o)
    0x08000294   0x08000294   0x00000000   Code   RO         2281    .ARM.Collect$$rtentry$$00000002  c_w.l(__rtentry2.o)
    0x08000294   0x08000294   0x00000006   Code   RO         2293    .ARM.Collect$$rtentry$$00000004  c_w.l(__rtentry4.o)
    0x0800029a   0x0800029a   0x00000000   Code   RO         2283    .ARM.Collect$$rtentry$$00000009  c_w.l(__rtentry2.o)
    0x0800029a   0x0800029a   0x00000004   Code   RO         2284    .ARM.Collect$$rtentry$$0000000A  c_w.l(__rtentry2.o)
    0x0800029e   0x0800029e   0x00000000   Code   RO         2286    .ARM.Collect$$rtentry$$0000000C  c_w.l(__rtentry2.o)
    0x0800029e   0x0800029e   0x00000008   Code   RO         2287    .ARM.Collect$$rtentry$$0000000D  c_w.l(__rtentry2.o)
    0x080002a6   0x080002a6   0x00000002   Code   RO         2323    .ARM.Collect$$rtexit$$00000000  c_w.l(rtexit.o)
    0x080002a8   0x080002a8   0x00000000   Code   RO         2383    .ARM.Collect$$rtexit$$00000002  c_w.l(rtexit2.o)
    0x080002a8   0x080002a8   0x00000004   Code   RO         2384    .ARM.Collect$$rtexit$$00000003  c_w.l(rtexit2.o)
    0x080002ac   0x080002ac   0x00000006   Code   RO         2385    .ARM.Collect$$rtexit$$00000004  c_w.l(rtexit2.o)
    0x080002b2   0x080002b2   0x00000002   PAD
    0x080002b4   0x080002b4   0x00000040   Code   RO            4    .text               startup_stm32g431xx.o
    0x080002f4   0x080002f4   0x00000134   Code   RO         1754    .text               context_rvds.o
    0x08000428   0x08000428   0x000000f0   Code   RO         2134    .text               c_w.l(lludivv7m.o)
    0x08000518   0x08000518   0x00000028   Code   RO         2138    .text               c_w.l(noretval__2sprintf.o)
    0x08000540   0x08000540   0x00000068   Code   RO         2140    .text               c_w.l(__printf.o)
    0x080005a8   0x080005a8   0x00000078   Code   RO         2142    .text               c_w.l(_printf_dec.o)
    0x08000620   0x08000620   0x00000058   Code   RO         2147    .text               c_w.l(_printf_hex_int.o)
    0x08000678   0x08000678   0x00000010   Code   RO         2188    .text               c_w.l(aeabi_memset.o)
    0x08000688   0x08000688   0x00000044   Code   RO         2190    .text               c_w.l(rt_memclr.o)
    0x080006cc   0x080006cc   0x0000004e   Code   RO         2192    .text               c_w.l(rt_memclr_w.o)
    0x0800071a   0x0800071a   0x00000006   Code   RO         2194    .text               c_w.l(heapauxi.o)
    0x08000720   0x08000720   0x00000016   Code   RO         2237    .text               c_w.l(_rserrno.o)
    0x08000736   0x08000736   0x000000b2   Code   RO         2239    .text               c_w.l(_printf_intcommon.o)
    0x080007e8   0x080007e8   0x00000030   Code   RO         2241    .text               c_w.l(_printf_char_common.o)
    0x08000818   0x08000818   0x0000000a   Code   RO         2243    .text               c_w.l(_sputc.o)
    0x08000822   0x08000822   0x00000002   PAD
    0x08000824   0x08000824   0x00000008   Code   RO         2300    .text               c_w.l(rt_errno_addr_intlibspace.o)
    0x0800082c   0x0800082c   0x00000008   Code   RO         2306    .text               c_w.l(libspace.o)
    0x08000834   0x08000834   0x0000004a   Code   RO         2309    .text               c_w.l(sys_stackheap_outer.o)
    0x0800087e   0x0800087e   0x00000012   Code   RO         2311    .text               c_w.l(exit.o)
    0x08000890   0x08000890   0x0000000c   Code   RO         2378    .text               c_w.l(sys_exit.o)
    0x0800089c   0x0800089c   0x00000002   Code   RO         2401    .text               c_w.l(use_no_semi.o)
    0x0800089e   0x0800089e   0x00000000   Code   RO         2403    .text               c_w.l(indicate_semi.o)
    0x0800089e   0x0800089e   0x00000002   PAD
    0x080008a0   0x080008a0   0x00000054   Code   RO         1806    .text.$Sub$$main    components.o
    0x080008f4   0x080008f4   0x0000001e   Code   RO           47    .text.ADC1_2_IRQHandler  stm32g4xx_it.o
    0x08000912   0x08000912   0x00000002   PAD
    0x08000914   0x08000914   0x0000007c   Code   RO          122    .text.ADC_Disable   stm32g4xx_hal_adc.o
    0x08000990   0x08000990   0x000000f6   Code   RO          128    .text.ADC_Enable    stm32g4xx_hal_adc.o
    0x08000a86   0x08000a86   0x00000002   PAD
    0x08000a88   0x08000a88   0x00000100   Code   RO         1675    .text.App_main      app.o
    0x08000b88   0x08000b88   0x00000002   Code   RO           41    .text.BusFault_Handler  stm32g4xx_it.o
    0x08000b8a   0x08000b8a   0x00000002   PAD
    0x08000b8c   0x08000b8c   0x0000021c   Code   RO         1690    .text.CalculateActionTime  svpwm.o
    0x08000da8   0x08000da8   0x00000118   Code   RO         1715    .text.CalculateAngle  foc.o
    0x08000ec0   0x08000ec0   0x00000002   Code   RO           45    .text.DebugMon_Handler  stm32g4xx_it.o
    0x08000ec2   0x08000ec2   0x00000002   PAD
    0x08000ec4   0x08000ec4   0x0000000a   Code   RO           15    .text.Error_Handler  main.o
    0x08000ece   0x08000ece   0x00000002   PAD
    0x08000ed0   0x08000ed0   0x000001ec   Code   RO         1727    .text.FOC_Calculate  foc.o
    0x080010bc   0x080010bc   0x00000008   Code   RO         1669    .text.FOC_Control   app.o
    0x080010c4   0x080010c4   0x00000044   Code   RO         1721    .text.GainCurrentInitADC  foc.o
    0x08001108   0x08001108   0x000000d4   Code   RO          182    .text.HAL_ADCEx_Calibration_Start  stm32g4xx_hal_adc_ex.o
    0x080011dc   0x080011dc   0x00000002   Code   RO          214    .text.HAL_ADCEx_EndOfSamplingCallback  stm32g4xx_hal_adc_ex.o
    0x080011de   0x080011de   0x00000002   PAD
    0x080011e0   0x080011e0   0x000004be   Code   RO          224    .text.HAL_ADCEx_InjectedConfigChannel  stm32g4xx_hal_adc_ex.o
    0x0800169e   0x0800169e   0x00000002   PAD
    0x080016a0   0x080016a0   0x00000004   Code   RO         1677    .text.HAL_ADCEx_InjectedConvCpltCallback  app.o
    0x080016a4   0x080016a4   0x00000032   Code   RO          204    .text.HAL_ADCEx_InjectedGetValue  stm32g4xx_hal_adc_ex.o
    0x080016d6   0x080016d6   0x00000002   PAD
    0x080016d8   0x080016d8   0x00000002   Code   RO          208    .text.HAL_ADCEx_InjectedQueueOverflowCallback  stm32g4xx_hal_adc_ex.o
    0x080016da   0x080016da   0x00000002   PAD
    0x080016dc   0x080016dc   0x000000e4   Code   RO          188    .text.HAL_ADCEx_InjectedStart  stm32g4xx_hal_adc_ex.o
    0x080017c0   0x080017c0   0x00000002   Code   RO          210    .text.HAL_ADCEx_LevelOutOfWindow2Callback  stm32g4xx_hal_adc_ex.o
    0x080017c2   0x080017c2   0x00000002   PAD
    0x080017c4   0x080017c4   0x00000002   Code   RO          212    .text.HAL_ADCEx_LevelOutOfWindow3Callback  stm32g4xx_hal_adc_ex.o
    0x080017c6   0x080017c6   0x00000002   PAD
    0x080017c8   0x080017c8   0x000000b8   Code   RO          226    .text.HAL_ADCEx_MultiModeConfigChannel  stm32g4xx_hal_adc_ex.o
    0x08001880   0x08001880   0x00000002   Code   RO          158    .text.HAL_ADC_ConvCpltCallback  stm32g4xx_hal_adc.o
    0x08001882   0x08001882   0x00000002   PAD
    0x08001884   0x08001884   0x00000002   Code   RO          162    .text.HAL_ADC_ErrorCallback  stm32g4xx_hal_adc.o
    0x08001886   0x08001886   0x00000002   PAD
    0x08001888   0x08001888   0x0000027a   Code   RO          156    .text.HAL_ADC_IRQHandler  stm32g4xx_hal_adc.o
    0x08001b02   0x08001b02   0x00000002   PAD
    0x08001b04   0x08001b04   0x00000226   Code   RO          114    .text.HAL_ADC_Init  stm32g4xx_hal_adc.o
    0x08001d2a   0x08001d2a   0x00000002   PAD
    0x08001d2c   0x08001d2c   0x00000002   Code   RO          160    .text.HAL_ADC_LevelOutOfWindowCallback  stm32g4xx_hal_adc.o
    0x08001d2e   0x08001d2e   0x00000002   PAD
    0x08001d30   0x08001d30   0x00000140   Code   RO           64    .text.HAL_ADC_MspInit  stm32g4xx_hal_msp.o
    0x08001e70   0x08001e70   0x000001b2   Code   RO          485    .text.HAL_GPIO_Init  stm32g4xx_hal_gpio.o
    0x08002022   0x08002022   0x00000002   PAD
    0x08002024   0x08002024   0x0000000c   Code   RO          491    .text.HAL_GPIO_WritePin  stm32g4xx_hal_gpio.o
    0x08002030   0x08002030   0x0000000c   Code   RO          257    .text.HAL_GetTick   stm32g4xx_hal.o
    0x0800203c   0x0800203c   0x0000004a   Code   RO          911    .text.HAL_I2CEx_ConfigAnalogFilter  stm32g4xx_hal_i2c_ex.o
    0x08002086   0x08002086   0x00000002   PAD
    0x08002088   0x08002088   0x00000048   Code   RO          913    .text.HAL_I2CEx_ConfigDigitalFilter  stm32g4xx_hal_i2c_ex.o
    0x080020d0   0x080020d0   0x0000002c   Code   RO          919    .text.HAL_I2CEx_EnableFastModePlus  stm32g4xx_hal_i2c_ex.o
    0x080020fc   0x080020fc   0x000000b0   Code   RO          757    .text.HAL_I2C_Init  stm32g4xx_hal_i2c.o
    0x080021ac   0x080021ac   0x000001aa   Code   RO          773    .text.HAL_I2C_Master_Receive  stm32g4xx_hal_i2c.o
    0x08002356   0x08002356   0x00000002   PAD
    0x08002358   0x08002358   0x000001d6   Code   RO          765    .text.HAL_I2C_Master_Transmit  stm32g4xx_hal_i2c.o
    0x0800252e   0x0800252e   0x00000002   PAD
    0x08002530   0x08002530   0x000000dc   Code   RO           68    .text.HAL_I2C_MspInit  stm32g4xx_hal_msp.o
    0x0800260c   0x0800260c   0x0000001a   Code   RO          255    .text.HAL_IncTick   stm32g4xx_hal.o
    0x08002626   0x08002626   0x00000002   PAD
    0x08002628   0x08002628   0x0000001e   Code   RO          245    .text.HAL_Init      stm32g4xx_hal.o
    0x08002646   0x08002646   0x00000002   PAD
    0x08002648   0x08002648   0x000000a6   Code   RO           99    .text.HAL_InitTick  stm32g4xx_hal_timebase_tim.o
    0x080026ee   0x080026ee   0x00000002   PAD
    0x080026f0   0x080026f0   0x00000034   Code   RO           62    .text.HAL_MspInit   stm32g4xx_hal_msp.o
    0x08002724   0x08002724   0x00000084   Code   RO         1483    .text.HAL_MultiProcessor_Init  stm32g4xx_hal_uart.o
    0x080027a8   0x080027a8   0x00000022   Code   RO          711    .text.HAL_NVIC_EnableIRQ  stm32g4xx_hal_cortex.o
    0x080027ca   0x080027ca   0x00000002   PAD
    0x080027cc   0x080027cc   0x00000056   Code   RO          709    .text.HAL_NVIC_SetPriority  stm32g4xx_hal_cortex.o
    0x08002822   0x08002822   0x00000002   PAD
    0x08002824   0x08002824   0x00000020   Code   RO          707    .text.HAL_NVIC_SetPriorityGrouping  stm32g4xx_hal_cortex.o
    0x08002844   0x08002844   0x00000118   Code   RO          931    .text.HAL_OPAMP_Init  stm32g4xx_hal_opamp.o
    0x0800295c   0x0800295c   0x000000b4   Code   RO           72    .text.HAL_OPAMP_MspInit  stm32g4xx_hal_msp.o
    0x08002a10   0x08002a10   0x0000002c   Code   RO          939    .text.HAL_OPAMP_Start  stm32g4xx_hal_opamp.o
    0x08002a3c   0x08002a3c   0x0000010e   Code   RO          627    .text.HAL_PWREx_ControlVoltageScaling  stm32g4xx_hal_pwr_ex.o
    0x08002b4a   0x08002b4a   0x00000002   PAD
    0x08002b4c   0x08002b4c   0x00000012   Code   RO          697    .text.HAL_PWREx_DisableUCPDDeadBattery  stm32g4xx_hal_pwr_ex.o
    0x08002b5e   0x08002b5e   0x00000002   PAD
    0x08002b60   0x08002b60   0x0000026a   Code   RO          369    .text.HAL_RCCEx_PeriphCLKConfig  stm32g4xx_hal_rcc_ex.o
    0x08002dca   0x08002dca   0x00000002   PAD
    0x08002dcc   0x08002dcc   0x00000304   Code   RO          335    .text.HAL_RCC_ClockConfig  stm32g4xx_hal_rcc.o
    0x080030d0   0x080030d0   0x00000042   Code   RO          349    .text.HAL_RCC_GetClockConfig  stm32g4xx_hal_rcc.o
    0x08003112   0x08003112   0x00000002   PAD
    0x08003114   0x08003114   0x0000002a   Code   RO          343    .text.HAL_RCC_GetPCLK1Freq  stm32g4xx_hal_rcc.o
    0x0800313e   0x0800313e   0x00000002   PAD
    0x08003140   0x08003140   0x0000002a   Code   RO          345    .text.HAL_RCC_GetPCLK2Freq  stm32g4xx_hal_rcc.o
    0x0800316a   0x0800316a   0x00000002   PAD
    0x0800316c   0x0800316c   0x00000082   Code   RO          337    .text.HAL_RCC_GetSysClockFreq  stm32g4xx_hal_rcc.o
    0x080031ee   0x080031ee   0x00000002   PAD
    0x080031f0   0x080031f0   0x000004ce   Code   RO          333    .text.HAL_RCC_OscConfig  stm32g4xx_hal_rcc.o
    0x080036be   0x080036be   0x00000002   PAD
    0x080036c0   0x080036c0   0x000000e4   Code   RO          970    .text.HAL_SPI_Init  stm32g4xx_hal_spi.o
    0x080037a4   0x080037a4   0x00000072   Code   RO           76    .text.HAL_SPI_MspInit  stm32g4xx_hal_msp.o
    0x08003816   0x08003816   0x00000002   PAD
    0x08003818   0x08003818   0x00000002   Code   RO         1446    .text.HAL_TIMEx_Break2Callback  stm32g4xx_hal_tim_ex.o
    0x0800381a   0x0800381a   0x00000002   PAD
    0x0800381c   0x0800381c   0x00000002   Code   RO         1444    .text.HAL_TIMEx_BreakCallback  stm32g4xx_hal_tim_ex.o
    0x0800381e   0x0800381e   0x00000002   PAD
    0x08003820   0x08003820   0x00000002   Code   RO         1440    .text.HAL_TIMEx_CommutCallback  stm32g4xx_hal_tim_ex.o
    0x08003822   0x08003822   0x00000002   PAD
    0x08003824   0x08003824   0x000000c8   Code   RO         1392    .text.HAL_TIMEx_ConfigBreakDeadTime  stm32g4xx_hal_tim_ex.o
    0x080038ec   0x080038ec   0x00000002   Code   RO         1450    .text.HAL_TIMEx_DirectionChangeCallback  stm32g4xx_hal_tim_ex.o
    0x080038ee   0x080038ee   0x00000002   PAD
    0x080038f0   0x080038f0   0x00000002   Code   RO         1448    .text.HAL_TIMEx_EncoderIndexCallback  stm32g4xx_hal_tim_ex.o
    0x080038f2   0x080038f2   0x00000002   PAD
    0x080038f4   0x080038f4   0x00000002   Code   RO         1452    .text.HAL_TIMEx_IndexErrorCallback  stm32g4xx_hal_tim_ex.o
    0x080038f6   0x080038f6   0x00000002   PAD
    0x080038f8   0x080038f8   0x000000a6   Code   RO         1390    .text.HAL_TIMEx_MasterConfigSynchronization  stm32g4xx_hal_tim_ex.o
    0x0800399e   0x0800399e   0x00000002   PAD
    0x080039a0   0x080039a0   0x000000e6   Code   RO         1360    .text.HAL_TIMEx_PWMN_Start  stm32g4xx_hal_tim_ex.o
    0x08003a86   0x08003a86   0x00000002   PAD
    0x08003a88   0x08003a88   0x00000002   Code   RO         1454    .text.HAL_TIMEx_TransitionErrorCallback  stm32g4xx_hal_tim_ex.o
    0x08003a8a   0x08003a8a   0x00000002   PAD
    0x08003a8c   0x08003a8c   0x00000062   Code   RO         1095    .text.HAL_TIM_Base_Init  stm32g4xx_hal_tim.o
    0x08003aee   0x08003aee   0x00000002   PAD
    0x08003af0   0x08003af0   0x0000008c   Code   RO           80    .text.HAL_TIM_Base_MspInit  stm32g4xx_hal_msp.o
    0x08003b7c   0x08003b7c   0x00000092   Code   RO         1109    .text.HAL_TIM_Base_Start_IT  stm32g4xx_hal_tim.o
    0x08003c0e   0x08003c0e   0x00000002   PAD
    0x08003c10   0x08003c10   0x00000204   Code   RO         1275    .text.HAL_TIM_ConfigClockSource  stm32g4xx_hal_tim.o
    0x08003e14   0x08003e14   0x00000002   Code   RO         1231    .text.HAL_TIM_IC_CaptureCallback  stm32g4xx_hal_tim.o
    0x08003e16   0x08003e16   0x00000002   PAD
    0x08003e18   0x08003e18   0x000001cc   Code   RO         1229    .text.HAL_TIM_IRQHandler  stm32g4xx_hal_tim.o
    0x08003fe4   0x08003fe4   0x000000e4   Code   RO           82    .text.HAL_TIM_MspPostInit  stm32g4xx_hal_msp.o
    0x080040c8   0x080040c8   0x00000002   Code   RO         1233    .text.HAL_TIM_OC_DelayElapsedCallback  stm32g4xx_hal_tim.o
    0x080040ca   0x080040ca   0x00000002   PAD
    0x080040cc   0x080040cc   0x000003c8   Code   RO         1249    .text.HAL_TIM_PWM_ConfigChannel  stm32g4xx_hal_tim.o
    0x08004494   0x08004494   0x00000062   Code   RO         1149    .text.HAL_TIM_PWM_Init  stm32g4xx_hal_tim.o
    0x080044f6   0x080044f6   0x00000002   PAD
    0x080044f8   0x080044f8   0x00000002   Code   RO         1151    .text.HAL_TIM_PWM_MspInit  stm32g4xx_hal_tim.o
    0x080044fa   0x080044fa   0x00000002   PAD
    0x080044fc   0x080044fc   0x00000002   Code   RO         1235    .text.HAL_TIM_PWM_PulseFinishedCallback  stm32g4xx_hal_tim.o
    0x080044fe   0x080044fe   0x00000002   PAD
    0x08004500   0x08004500   0x0000016a   Code   RO         1157    .text.HAL_TIM_PWM_Start  stm32g4xx_hal_tim.o
    0x0800466a   0x0800466a   0x00000002   PAD
    0x0800466c   0x0800466c   0x0000003a   Code   RO           17    .text.HAL_TIM_PeriodElapsedCallback  main.o
    0x080046a6   0x080046a6   0x00000002   PAD
    0x080046a8   0x080046a8   0x00000002   Code   RO         1239    .text.HAL_TIM_TriggerCallback  stm32g4xx_hal_tim.o
    0x080046aa   0x080046aa   0x00000002   PAD
    0x080046ac   0x080046ac   0x00000036   Code   RO         1631    .text.HAL_UARTEx_DisableFifoMode  stm32g4xx_hal_uart_ex.o
    0x080046e2   0x080046e2   0x00000002   PAD
    0x080046e4   0x080046e4   0x0000008c   Code   RO         1635    .text.HAL_UARTEx_SetRxFifoThreshold  stm32g4xx_hal_uart_ex.o
    0x08004770   0x08004770   0x0000008c   Code   RO         1633    .text.HAL_UARTEx_SetTxFifoThreshold  stm32g4xx_hal_uart_ex.o
    0x080047fc   0x080047fc   0x00000094   Code   RO           86    .text.HAL_UART_MspInit  stm32g4xx_hal_msp.o
    0x08004890   0x08004890   0x000001ae   Code   RO         1489    .text.HAL_UART_Transmit  stm32g4xx_hal_uart.o
    0x08004a3e   0x08004a3e   0x00000002   PAD
    0x08004a40   0x08004a40   0x0000015c   Code   RO          901    .text.I2C_IsErrorOccurred  stm32g4xx_hal_i2c.o
    0x08004b9c   0x08004b9c   0x000000e4   Code   RO          767    .text.I2C_WaitOnFlagUntilTimeout  stm32g4xx_hal_i2c.o
    0x08004c80   0x08004c80   0x000000d8   Code   RO          775    .text.I2C_WaitOnRXNEFlagUntilTimeout  stm32g4xx_hal_i2c.o
    0x08004d58   0x08004d58   0x0000007c   Code   RO          771    .text.I2C_WaitOnSTOPFlagUntilTimeout  stm32g4xx_hal_i2c.o
    0x08004dd4   0x08004dd4   0x00000098   Code   RO          769    .text.I2C_WaitOnTXISFlagUntilTimeout  stm32g4xx_hal_i2c.o
    0x08004e6c   0x08004e6c   0x00000002   Code   RO           39    .text.MemManage_Handler  stm32g4xx_it.o
    0x08004e6e   0x08004e6e   0x00000002   PAD
    0x08004e70   0x08004e70   0x00000002   Code   RO           37    .text.NMI_Handler   stm32g4xx_it.o
    0x08004e72   0x08004e72   0x00000002   PAD
    0x08004e74   0x08004e74   0x0000001a   Code   RO         1696    .text.SVPWMstructInit  svpwm.o
    0x08004e8e   0x08004e8e   0x00000002   PAD
    0x08004e90   0x08004e90   0x000001e4   Code   RO         1698    .text.Set_SVPWM     svpwm.o
    0x08005074   0x08005074   0x00000012   Code   RO         1765    .text.SysTick_Handler  board.o
    0x08005086   0x08005086   0x00000002   PAD
    0x08005088   0x08005088   0x0000009c   Code   RO         1656    .text.SystemCoreClockUpdate  system_stm32g4xx.o
    0x08005124   0x08005124   0x00000012   Code   RO         1654    .text.SystemInit    system_stm32g4xx.o
    0x08005136   0x08005136   0x00000002   PAD
    0x08005138   0x08005138   0x0000000c   Code   RO           49    .text.TIM1_BRK_TIM15_IRQHandler  stm32g4xx_it.o
    0x08005144   0x08005144   0x0000001e   Code   RO           51    .text.TIM1_UP_TIM16_IRQHandler  stm32g4xx_it.o
    0x08005162   0x08005162   0x00000002   PAD
    0x08005164   0x08005164   0x0000000c   Code   RO           53    .text.TIM7_IRQHandler  stm32g4xx_it.o
    0x08005170   0x08005170   0x00000134   Code   RO         1099    .text.TIM_Base_SetConfig  stm32g4xx_hal_tim.o
    0x080052a4   0x080052a4   0x00000002   Code   RO         1673    .text.Timer_callFunction  app.o
    0x080052a6   0x080052a6   0x00000002   PAD
    0x080052a8   0x080052a8   0x000000e6   Code   RO         1473    .text.UART_AdvFeatureConfig  stm32g4xx_hal_uart.o
    0x0800538e   0x0800538e   0x00000002   PAD
    0x08005390   0x08005390   0x0000016a   Code   RO         1477    .text.UART_CheckIdleState  stm32g4xx_hal_uart.o
    0x080054fa   0x080054fa   0x00000002   PAD
    0x080054fc   0x080054fc   0x00000298   Code   RO         1475    .text.UART_SetConfig  stm32g4xx_hal_uart.o
    0x08005794   0x08005794   0x00000336   Code   RO         1491    .text.UART_WaitOnFlagUntilTimeout  stm32g4xx_hal_uart.o
    0x08005aca   0x08005aca   0x00000002   PAD
    0x08005acc   0x08005acc   0x00000002   Code   RO           43    .text.UsageFault_Handler  stm32g4xx_it.o
    0x08005ace   0x08005ace   0x00000002   PAD
    0x08005ad0   0x08005ad0   0x00000038   Code   RO         1952    .text.__rt_ffs      kservice.o
    0x08005b08   0x08005b08   0x00000074   Code   RO         1745    .text.getRawAngle   as5600.o
    0x08005b7c   0x08005b7c   0x0000063c   Code   RO           11    .text.main          main.o
    0x080061b8   0x080061b8   0x00000032   Code   RO         1810    .text.main_thread_entry  components.o
    0x080061ea   0x080061ea   0x00000002   PAD
    0x080061ec   0x080061ec   0x00000584   Code   RO         1936    .text.print_number  kservice.o
    0x08006770   0x08006770   0x0000002a   Code   RO         1802    .text.rt_components_board_init  components.o
    0x0800679a   0x0800679a   0x00000002   PAD
    0x0800679c   0x0800679c   0x0000001c   Code   RO         2023    .text.rt_enter_critical  scheduler.o
    0x080067b8   0x080067b8   0x00000092   Code   RO         2025    .text.rt_exit_critical  scheduler.o
    0x0800684a   0x0800684a   0x00000002   PAD
    0x0800684c   0x0800684c   0x00000120   Code   RO         1971    .text.rt_free       mem.o
    0x0800696c   0x0800696c   0x0000000a   Code   RO         1759    .text.rt_heap_begin_get  board.o
    0x08006976   0x08006976   0x00000002   PAD
    0x08006978   0x08006978   0x0000000e   Code   RO         1761    .text.rt_heap_end_get  board.o
    0x08006986   0x08006986   0x00000002   PAD
    0x08006988   0x08006988   0x00000062   Code   RO         1763    .text.rt_hw_board_init  board.o
    0x080069ea   0x080069ea   0x00000002   PAD
    0x080069ec   0x080069ec   0x00000002   Code   RO         1944    .text.rt_hw_console_output  kservice.o
    0x080069ee   0x080069ee   0x00000002   PAD
    0x080069f0   0x080069f0   0x000001a4   Code   RO         2114    .text.rt_hw_hard_fault_exception  cpuport.o
    0x08006b94   0x08006b94   0x00000042   Code   RO         2110    .text.rt_hw_stack_init  cpuport.o
    0x08006bd6   0x08006bd6   0x00000002   PAD
    0x08006bd8   0x08006bd8   0x0000001c   Code   RO         1885    .text.rt_interrupt_enter  irq.o
    0x08006bf4   0x08006bf4   0x0000001c   Code   RO         1887    .text.rt_interrupt_leave  irq.o
    0x08006c10   0x08006c10   0x00000032   Code   RO         1932    .text.rt_kprintf    kservice.o
    0x08006c42   0x08006c42   0x00000002   PAD
    0x08006c44   0x08006c44   0x0000018a   Code   RO         1967    .text.rt_malloc     mem.o
    0x08006dce   0x08006dce   0x00000002   PAD
    0x08006dd0   0x08006dd0   0x00000110   Code   RO         1906    .text.rt_memset     kservice.o
    0x08006ee0   0x08006ee0   0x00000154   Code   RO         1865    .text.rt_mq_create  ipc.o
    0x08007034   0x08007034   0x0000007a   Code   RO         1994    .text.rt_object_allocate  object.o
    0x080070ae   0x080070ae   0x00000002   PAD
    0x080070b0   0x080070b0   0x0000002a   Code   RO         1996    .text.rt_object_delete  object.o
    0x080070da   0x080070da   0x00000002   PAD
    0x080070dc   0x080070dc   0x00000022   Code   RO         1992    .text.rt_object_detach  object.o
    0x080070fe   0x080070fe   0x00000002   PAD
    0x08007100   0x08007100   0x0000008a   Code   RO         1990    .text.rt_object_init  object.o
    0x0800718a   0x0800718a   0x00000002   PAD
    0x0800718c   0x0800718c   0x00000006   Code   RO         1998    .text.rt_object_is_systemobject  object.o
    0x08007192   0x08007192   0x00000002   PAD
    0x08007194   0x08007194   0x00000076   Code   RO         2017    .text.rt_schedule   scheduler.o
    0x0800720a   0x0800720a   0x00000002   PAD
    0x0800720c   0x0800720c   0x00000052   Code   RO         2019    .text.rt_schedule_insert_thread  scheduler.o
    0x0800725e   0x0800725e   0x00000002   PAD
    0x08007260   0x08007260   0x00000052   Code   RO         2021    .text.rt_schedule_remove_thread  scheduler.o
    0x080072b2   0x080072b2   0x00000002   PAD
    0x080072b4   0x080072b4   0x00000020   Code   RO         1845    .text.rt_sem_init   ipc.o
    0x080072d4   0x080072d4   0x0000003a   Code   RO         1857    .text.rt_sem_release  ipc.o
    0x0800730e   0x0800730e   0x00000002   PAD
    0x08007310   0x08007310   0x00000112   Code   RO         1853    .text.rt_sem_take   ipc.o
    0x08007422   0x08007422   0x00000002   PAD
    0x08007424   0x08007424   0x000000b8   Code   RO         1930    .text.rt_show_version  kservice.o
    0x080074dc   0x080074dc   0x0000002e   Code   RO         1916    .text.rt_strlen     kservice.o
    0x0800750a   0x0800750a   0x00000002   PAD
    0x0800750c   0x0800750c   0x00000096   Code   RO         1920    .text.rt_strncpy    kservice.o
    0x080075a2   0x080075a2   0x00000002   PAD
    0x080075a4   0x080075a4   0x000000c0   Code   RO         1965    .text.rt_system_heap_init  mem.o
    0x08007664   0x08007664   0x0000012a   Code   RO         2013    .text.rt_system_scheduler_init  scheduler.o
    0x0800778e   0x0800778e   0x00000002   PAD
    0x08007790   0x08007790   0x00000030   Code   RO         2015    .text.rt_system_scheduler_start  scheduler.o
    0x080077c0   0x080077c0   0x00000010   Code   RO         2097    .text.rt_system_timer_init  timer.o
    0x080077d0   0x080077d0   0x00000002   Code   RO         2099    .text.rt_system_timer_thread_init  timer.o
    0x080077d2   0x080077d2   0x00000002   PAD
    0x080077d4   0x080077d4   0x000000b0   Code   RO         2051    .text.rt_thread_create  thread.o
    0x08007884   0x08007884   0x0000000a   Code   RO         2061    .text.rt_thread_delay  thread.o
    0x0800788e   0x0800788e   0x00000002   PAD
    0x08007890   0x08007890   0x0000006c   Code   RO         2039    .text.rt_thread_exit  thread.o
    0x080078fc   0x080078fc   0x0000006c   Code   RO         1831    .text.rt_thread_idle_entry  idle.o
    0x08007968   0x08007968   0x00000050   Code   RO         1829    .text.rt_thread_idle_init  idle.o
    0x080079b8   0x080079b8   0x0000008e   Code   RO         2041    .text.rt_thread_init  thread.o
    0x08007a46   0x08007a46   0x00000002   PAD
    0x08007a48   0x08007a48   0x00000044   Code   RO         2047    .text.rt_thread_resume  thread.o
    0x08007a8c   0x08007a8c   0x0000000c   Code   RO         2043    .text.rt_thread_self  thread.o
    0x08007a98   0x08007a98   0x00000078   Code   RO         2057    .text.rt_thread_sleep  thread.o
    0x08007b10   0x08007b10   0x0000005a   Code   RO         2045    .text.rt_thread_startup  thread.o
    0x08007b6a   0x08007b6a   0x00000002   PAD
    0x08007b6c   0x08007b6c   0x00000042   Code   RO         2059    .text.rt_thread_suspend  thread.o
    0x08007bae   0x08007bae   0x00000002   PAD
    0x08007bb0   0x08007bb0   0x00000026   Code   RO         2067    .text.rt_thread_timeout  thread.o
    0x08007bd6   0x08007bd6   0x00000002   PAD
    0x08007bd8   0x08007bd8   0x00000068   Code   RO         2055    .text.rt_thread_yield  thread.o
    0x08007c40   0x08007c40   0x0000000c   Code   RO         1777    .text.rt_tick_get   clock.o
    0x08007c4c   0x08007c4c   0x00000034   Code   RO         1781    .text.rt_tick_increase  clock.o
    0x08007c80   0x08007c80   0x0000007e   Code   RO         2093    .text.rt_timer_check  timer.o
    0x08007cfe   0x08007cfe   0x00000002   PAD
    0x08007d00   0x08007d00   0x00000030   Code   RO         2091    .text.rt_timer_control  timer.o
    0x08007d30   0x08007d30   0x00000032   Code   RO         2083    .text.rt_timer_create  timer.o
    0x08007d62   0x08007d62   0x00000002   PAD
    0x08007d64   0x08007d64   0x00000026   Code   RO         2081    .text.rt_timer_detach  timer.o
    0x08007d8a   0x08007d8a   0x00000002   PAD
    0x08007d8c   0x08007d8c   0x00000032   Code   RO         2079    .text.rt_timer_init  timer.o
    0x08007dbe   0x08007dbe   0x00000002   PAD
    0x08007dc0   0x08007dc0   0x000000d6   Code   RO         2087    .text.rt_timer_start  timer.o
    0x08007e96   0x08007e96   0x00000002   PAD
    0x08007e98   0x08007e98   0x00000036   Code   RO         2089    .text.rt_timer_stop  timer.o
    0x08007ece   0x08007ece   0x00000002   PAD
    0x08007ed0   0x08007ed0   0x00000820   Code   RO         1934    .text.rt_vsnprintf  kservice.o
    0x080086f0   0x080086f0   0x00000004   Code   RO         1798    .text.rti_board_end  components.o
    0x080086f4   0x080086f4   0x00000004   Code   RO         1796    .text.rti_board_start  components.o
    0x080086f8   0x080086f8   0x00000004   Code   RO         1800    .text.rti_end       components.o
    0x080086fc   0x080086fc   0x00000004   Code   RO         1794    .text.rti_start     components.o
    0x08008700   0x08008700   0x0000009c   Code   RO         1671    .text.uart_print    app.o
    0x0800879c   0x0800879c   0x00000026   Code   RO         2261    i.__ARM_fpclassifyf  m_wm.l(fpclassifyf.o)
    0x080087c2   0x080087c2   0x00000002   PAD
    0x080087c4   0x080087c4   0x00000150   Code   RO         2220    i.__hardfp_cosf     m_wm.l(cosf.o)
    0x08008914   0x08008914   0x00000190   Code   RO         2226    i.__hardfp_sinf     m_wm.l(sinf.o)
    0x08008aa4   0x08008aa4   0x00000006   Code   RO         2264    i.__mathlib_flt_infnan  m_wm.l(funder.o)
    0x08008aaa   0x08008aaa   0x00000002   PAD
    0x08008aac   0x08008aac   0x00000010   Code   RO         2266    i.__mathlib_flt_invalid  m_wm.l(funder.o)
    0x08008abc   0x08008abc   0x00000010   Code   RO         2269    i.__mathlib_flt_underflow  m_wm.l(funder.o)
    0x08008acc   0x08008acc   0x00000154   Code   RO         2277    i.__mathlib_rredf2  m_wm.l(rredf.o)
    0x08008c20   0x08008c20   0x00000062   Code   RO         2198    x$fpl$d2f           fz_wm.l(d2f.o)
    0x08008c82   0x08008c82   0x00000002   PAD
    0x08008c84   0x08008c84   0x00000150   Code   RO         2200    x$fpl$dadd          fz_wm.l(daddsub_clz.o)
    0x08008dd4   0x08008dd4   0x00000018   Code   RO         2304    x$fpl$dcmpinf       fz_wm.l(dcmpi.o)
    0x08008dec   0x08008dec   0x000002b8   Code   RO         2209    x$fpl$ddiv          fz_wm.l(ddiv.o)
    0x080090a4   0x080090a4   0x00000078   Code   RO         2246    x$fpl$deqf          fz_wm.l(deqf.o)
    0x0800911c   0x0800911c   0x0000005e   Code   RO         2212    x$fpl$dfix          fz_wm.l(dfix.o)
    0x0800917a   0x0800917a   0x00000002   PAD
    0x0800917c   0x0800917c   0x00000078   Code   RO         2248    x$fpl$dgeqf         fz_wm.l(dgeqf.o)
    0x080091f4   0x080091f4   0x00000078   Code   RO         2250    x$fpl$dleqf         fz_wm.l(dleqf.o)
    0x0800926c   0x0800926c   0x00000154   Code   RO         2216    x$fpl$dmul          fz_wm.l(dmul.o)
    0x080093c0   0x080093c0   0x0000009c   Code   RO         2252    x$fpl$dnaninf       fz_wm.l(dnaninf.o)
    0x0800945c   0x0800945c   0x0000000c   Code   RO         2254    x$fpl$dretinf       fz_wm.l(dretinf.o)
    0x08009468   0x08009468   0x000001dc   Code   RO         2202    x$fpl$dsub          fz_wm.l(daddsub_clz.o)
    0x08009644   0x08009644   0x00000056   Code   RO         2218    x$fpl$f2d           fz_wm.l(f2d.o)
    0x0800969a   0x0800969a   0x00000054   Code   RO         2206    x$fpl$fcmp          fz_wm.l(dcmp.o)
    0x080096ee   0x080096ee   0x0000008c   Code   RO         2256    x$fpl$fnaninf       fz_wm.l(fnaninf.o)
    0x0800977a   0x0800977a   0x0000001a   Code   RO         2395    x$fpl$fpinit        fz_wm.l(fpinit.o)
    0x08009794   0x08009794   0x0000000a   Code   RO         2258    x$fpl$fretinf       fz_wm.l(fretinf.o)
    0x0800979e   0x0800979e   0x00000000   Code   RO         2260    x$fpl$usenofp       fz_wm.l(usenofp.o)
    0x0800979e   0x0800979e   0x00000028   Data   RO         2148    .constdata          c_w.l(_printf_hex_int.o)
    0x080097c6   0x080097c6   0x00000002   PAD
    0x080097c8   0x080097c8   0x00000020   Data   RO         2278    .constdata          m_wm.l(rredf.o)
    0x080097e8   0x080097e8   0x00000010   Data   RO         1659    .rodata.AHBPrescTable  system_stm32g4xx.o
    0x080097f8   0x080097f8   0x00000008   Data   RO         1660    .rodata.APBPrescTable  system_stm32g4xx.o
    0x08009800   0x08009800   0x00000018   Data   RO         1603    .rodata.UARTPrescTable  stm32g4xx_hal_uart.o
    0x08009818   0x08009818   0x00000100   Data   RO         1956    .rodata.__lowest_bit_bitmap  kservice.o
    0x08009918   0x08009918   0x00000010   Data   RO         1604    .rodata.cst16       stm32g4xx_hal_uart.o
    0x08009928   0x08009928   0x00000010   Data   RO         1645    .rodata.cst8        stm32g4xx_hal_uart_ex.o
    0x08009938   0x08009938   0x00000005   Data   RO         1818    .rodata.str1.1      components.o
    0x0800993d   0x0800993d   0x00000093   Data   RO         2121    .rodata.str1.1      cpuport.o
    0x080099d0   0x080099d0   0x00000004   Data   RO         1814    .rti_fn.0           components.o
    0x080099d4   0x080099d4   0x00000004   Data   RO         1815    .rti_fn.0.end       components.o
    0x080099d8   0x080099d8   0x00000004   Data   RO         1816    .rti_fn.1.end       components.o
    0x080099dc   0x080099dc   0x00000004   Data   RO         1817    .rti_fn.6.end       components.o
    0x080099e0   0x080099e0   0x00000020   Data   RO         2456    Region$$Table       anon$$obj.o


    Execution Region RW_IRAM1 (Exec base: 0x20000000, Load base: 0x08009a00, Size: 0x00001e58, Max: 0x00008000, ABSOLUTE)

    Exec Addr    Load Addr    Size         Type   Attr      Idx    E Section Name        Object

    0x20000000   0x08009a00   0x00000008   Data   RW          322    .data..L_MergedGlobals  stm32g4xx_hal.o
    0x20000008   0x08009a08   0x00000004   Data   RW         1658    .data.SystemCoreClock  system_stm32g4xx.o
    0x2000000c   0x08009a0c   0x00000040   Data   RW         2004    .data.rt_object_container  object.o
    0x2000004c   0x08009a4c   0x00000004   PAD
    0x20000050        -       0x00000060   Zero   RW         2307    .bss                c_w.l(libspace.o)
    0x200000b0        -       0x00000078   Zero   RW           28    .bss..L_MergedGlobals  main.o
    0x20000128        -       0x00000010   Zero   RW         1680    .bss..L_MergedGlobals  app.o
    0x20000138        -       0x00000044   Zero   RW         1730    .bss..L_MergedGlobals  foc.o
    0x2000017c        -       0x00000038   Zero   RW         1977    .bss..L_MergedGlobals  mem.o
    0x200001b4        -       0x00000014   Zero   RW         2030    .bss..L_MergedGlobals  scheduler.o
    0x200001c8        -       0x0000000c   Zero   RW         2101    .bss..L_MergedGlobals  timer.o
    0x200001d4        -       0x00000004   Zero   RW           90    .bss.HAL_RCC_ADC12_CLK_ENABLED  stm32g4xx_hal_msp.o
    0x200001d8        -       0x00000028   Zero   RW         1700    .bss.SVPWMStructure  svpwm.o
    0x20000200        -       0x0000006c   Zero   RW           20    .bss.hadc1          main.o
    0x2000026c        -       0x0000006c   Zero   RW           21    .bss.hadc2          main.o
    0x200002d8        -       0x00000054   Zero   RW           22    .bss.hi2c1          main.o
    0x2000032c        -       0x0000003c   Zero   RW           23    .bss.hopamp3        main.o
    0x20000368        -       0x00000064   Zero   RW           24    .bss.hspi1          main.o
    0x200003cc        -       0x0000004c   Zero   RW           25    .bss.htim1          main.o
    0x20000418        -       0x0000004c   Zero   RW          105    .bss.htim16         stm32g4xx_hal_timebase_tim.o
    0x20000464        -       0x0000004c   Zero   RW           19    .bss.htim7          main.o
    0x200004b0        -       0x00000094   Zero   RW           26    .bss.huart1         main.o
    0x20000544        -       0x00000078   Zero   RW         1835    .bss.idle           idle.o
    0x200005bc        -       0x00000004   Zero   RW         2120    .bss.rt_exception_hook  cpuport.o
    0x200005c0        -       0x00001000   Zero   RW         1767    .bss.rt_heap        board.o
    0x200015c0        -       0x00000004   Zero   RW         2122    .bss.rt_interrupt_from_thread  cpuport.o
    0x200015c4        -       0x00000001   Zero   RW         1891    .bss.rt_interrupt_nest  irq.o
    0x200015c5   0x08009a4c   0x00000003   PAD
    0x200015c8        -       0x00000004   Zero   RW         2123    .bss.rt_interrupt_to_thread  cpuport.o
    0x200015cc        -       0x00000080   Zero   RW         1955    .bss.rt_kprintf.rt_log_buf  kservice.o
    0x2000164c        -       0x00000100   Zero   RW         2029    .bss.rt_thread_priority_table  scheduler.o
    0x2000174c        -       0x00000100   Zero   RW         1836    .bss.rt_thread_stack  idle.o
    0x2000184c        -       0x00000004   Zero   RW         2124    .bss.rt_thread_switch_interrupt_flag  cpuport.o
    0x20001850        -       0x00000004   Zero   RW         1785    .bss.rt_tick        clock.o
    0x20001854        -       0x00000004   Zero   RW          321    .bss.uwTick         stm32g4xx_hal.o
    0x20001858        -       0x00000200   Zero   RW            2    HEAP                startup_stm32g431xx.o
    0x20001a58        -       0x00000400   Zero   RW            1    STACK               startup_stm32g431xx.o


==============================================================================

Image component sizes


      Code (inc. data)   RO Data    RW Data    ZI Data      Debug   Object Name

       426         48          0          0         16       7304   app.o
       116          0          0          0          0       3405   as5600.o
       140          0          0          0       4096       1482   board.o
        64          0          0          0          4       2661   clock.o
       192          0         21          0          0       3700   components.o
       308         26          0          0          0        892   context_rvds.o
       486        160        147          0         16       3301   cpuport.o
       840         52          0          0         68       7124   foc.o
       188          8          0          0        376       3540   idle.o
       704          0          0          0          0      14536   ipc.o
        56          0          0          0          1       1129   irq.o
      4252        434        256          0        128      27987   kservice.o
      1664          0          0          0        880      20455   main.o
       874        144          0          0         56       5568   mem.o
       342          0          0         64          0       5837   object.o
       802          0          0          0        276       6183   scheduler.o
        64         26        472          0       1536        828   startup_stm32g431xx.o
        68          0          0          8          4       8874   stm32g4xx_hal.o
      1560          0          0          0          0      28364   stm32g4xx_hal_adc.o
      1896          0          0          0          0      22875   stm32g4xx_hal_adc_ex.o
       152          0          0          0          0      10372   stm32g4xx_hal_cortex.o
       446          0          0          0          0       5197   stm32g4xx_hal_gpio.o
      2140          0          0          0          0      61862   stm32g4xx_hal_i2c.o
       190          0          0          0          0       6520   stm32g4xx_hal_i2c_ex.o
      1402          0          0          0          4      19318   stm32g4xx_hal_msp.o
       324          0          0          0          0       6526   stm32g4xx_hal_opamp.o
       288          0          0          0          0       9301   stm32g4xx_hal_pwr_ex.o
      2282          0          0          0          0       9925   stm32g4xx_hal_rcc.o
       618          0          0          0          0      10741   stm32g4xx_hal_rcc_ex.o
       228          0          0          0          0      27140   stm32g4xx_hal_spi.o
      2966         20          0          0          0      62462   stm32g4xx_hal_tim.o
       610          0          0          0          0      30031   stm32g4xx_hal_tim_ex.o
       166          0          0          0         76       7738   stm32g4xx_hal_timebase_tim.o
      2640         48         40          0          0      41707   stm32g4xx_hal_uart.o
       334          0         16          0          0      11173   stm32g4xx_hal_uart_ex.o
        94          0          0          0          0       6814   stm32g4xx_it.o
      1050         38          0          0         40       8995   svpwm.o
       174          0         24          4          0       2726   system_stm32g4xx.o
       934          0          0          0          0       9955   thread.o
       598          4          0          0         12       7331   timer.o

    ----------------------------------------------------------------------
     32880       1008       1008         76       7596     531879   Object Totals
         0          0         32          0          0          0   (incl. Generated)
       202          0          0          0          7          0   (incl. Padding)

    ----------------------------------------------------------------------

      Code (inc. data)   RO Data    RW Data    ZI Data      Debug   Library Member Name

         8          0          0          0          0         68   __main.o
       104          0          0          0          0         84   __printf.o
         0          0          0          0          0          0   __rtentry.o
        12          0          0          0          0          0   __rtentry2.o
         6          0          0          0          0          0   __rtentry4.o
        94          8          0          0          0          0   __scatter.o
        26          0          0          0          0          0   __scatter_copy.o
        28          0          0          0          0          0   __scatter_zi.o
        48          6          0          0          0         96   _printf_char_common.o
         6          0          0          0          0          0   _printf_d.o
       120         16          0          0          0         92   _printf_dec.o
        88          4         40          0          0         88   _printf_hex_int.o
       178          0          0          0          0         88   _printf_intcommon.o
         0          0          0          0          0          0   _printf_percent.o
         4          0          0          0          0          0   _printf_percent_end.o
         6          0          0          0          0          0   _printf_x.o
        22          0          0          0          0        100   _rserrno.o
        10          0          0          0          0         68   _sputc.o
        16          0          0          0          0         68   aeabi_memset.o
        18          0          0          0          0         80   exit.o
         6          0          0          0          0        152   heapauxi.o
         0          0          0          0          0          0   indicate_semi.o
         2          0          0          0          0          0   libinit.o
         6          0          0          0          0          0   libinit2.o
         2          0          0          0          0          0   libshutdown.o
         2          0          0          0          0          0   libshutdown2.o
         8          4          0          0         96         68   libspace.o
       240          0          0          0          0        100   lludivv7m.o
        40          6          0          0          0         84   noretval__2sprintf.o
         8          4          0          0          0         68   rt_errno_addr_intlibspace.o
        68          0          0          0          0         68   rt_memclr.o
        78          0          0          0          0         80   rt_memclr_w.o
         2          0          0          0          0          0   rtexit.o
        10          0          0          0          0          0   rtexit2.o
        12          4          0          0          0         68   sys_exit.o
        74          0          0          0          0         80   sys_stackheap_outer.o
         2          0          0          0          0         68   use_no_semi.o
        98          4          0          0          0        140   d2f.o
       812         16          0          0          0        392   daddsub_clz.o
        84          0          0          0          0        244   dcmp.o
        24          0          0          0          0        116   dcmpi.o
       696        140          0          0          0        264   ddiv.o
       120          4          0          0          0        140   deqf.o
        94          4          0          0          0        140   dfix.o
       120          4          0          0          0        140   dgeqf.o
       120          4          0          0          0        140   dleqf.o
       340         12          0          0          0        152   dmul.o
       156          4          0          0          0        140   dnaninf.o
        12          0          0          0          0        116   dretinf.o
        86          4          0          0          0        132   f2d.o
       140          4          0          0          0        132   fnaninf.o
        26          0          0          0          0        116   fpinit.o
        10          0          0          0          0        116   fretinf.o
         0          0          0          0          0          0   usenofp.o
       336         56          0          0          0        136   cosf.o
        38          0          0          0          0        116   fpclassifyf.o
        38         12          0          0          0        348   funder.o
       340         24         32          0          0        160   rredf.o
       400         56          0          0          0        212   sinf.o

    ----------------------------------------------------------------------
      5462        400         74          0         96       5260   Library Totals
        18          0          2          0          0          0   (incl. Padding)

    ----------------------------------------------------------------------

      Code (inc. data)   RO Data    RW Data    ZI Data      Debug   Library Name

      1354         52         40          0         96       1668   c_w.l
      2938        200          0          0          0       2620   fz_wm.l
      1152        148         32          0          0        972   m_wm.l

    ----------------------------------------------------------------------
      5462        400         74          0         96       5260   Library Totals

    ----------------------------------------------------------------------

==============================================================================


      Code (inc. data)   RO Data    RW Data    ZI Data      Debug   

     38342       1408       1082         76       7692     533335   Grand Totals
     38342       1408       1082         76       7692     533335   ELF Image Totals
     38342       1408       1082         76          0          0   ROM Totals

==============================================================================

    Total RO  Size (Code + RO Data)                39424 (  38.50kB)
    Total RW  Size (RW Data + ZI Data)              7768 (   7.59kB)
    Total ROM Size (Code + RO Data + RW Data)      39500 (  38.57kB)

==============================================================================

